Component: ARM Compiler 5.06 update 2 (build 183) Tool: armlink [4d35b7]

==============================================================================

Section Cross References

    startup.o(RESET) refers to startup.o(STACK) for __initial_sp
    startup.o(RESET) refers to startup.o(.text) for Reset_Handler
    startup.o(RESET) refers to gpio.o(i.GPIO_IRQHandler) for GPIO_IRQHandler
    startup.o(RESET) refers to lib.o(i.BLE_IRQHandler) for BLE_IRQHandler
    startup.o(RESET) refers to sleep.o(i.OSC_EN_IRQHandler) for OSC_EN_IRQHandler
    startup.o(RESET) refers to uart.o(i.UART0_TX_IRQHandler) for UART0_TX_IRQHandler
    startup.o(RESET) refers to uart.o(i.UART0_RX_IRQHandler) for UART0_RX_IRQHandler
    startup.o(RESET) refers to timer.o(i.TIMER0_IRQHandler) for TIMER0_IRQHandler
    startup.o(RESET) refers to timer.o(i.TIMER1_IRQHandler) for TIMER1_IRQHandler
    startup.o(RESET) refers to timer.o(i.TIMER2_IRQHandler) for TIMER2_IRQHandler
    startup.o(RESET) refers to timer.o(i.TIMER3_IRQHandler) for TIMER3_IRQHandler
    startup.o(.text) refers to entry.o(.ARM.Collect$$$$00000000) for __main
    app_main.o(i.assert_err) refers to printf8.o(i.__0printf$8) for __2printf
    app_main.o(i.assert_warn) refers to printf8.o(i.__0printf$8) for __2printf
    app_main.o(i.main) refers to math.o(REG_ACCESS_SECTION) for __wr_reg_with_msk
    app_main.o(i.main) refers to lib.o(i.dc_dc_enable) for dc_dc_enable
    app_main.o(i.main) refers to lib.o(i.plf_init) for plf_init
    app_main.o(i.main) refers to system.o(i.SystemInit) for SystemInit
    app_main.o(i.main) refers to lib.o(i.ble_init) for ble_init
    app_main.o(i.main) refers to usr_design.o(i.app_init) for app_init
    app_main.o(i.main) refers to usr_design.o(i.usr_init) for usr_init
    app_main.o(i.main) refers to sleep.o(i.sleep_init) for sleep_init
    app_main.o(i.main) refers to sleep.o(i.wakeup_by_sleep_timer) for wakeup_by_sleep_timer
    app_main.o(i.main) refers to lib.o(i.ke_schedule) for ke_schedule
    app_main.o(i.main) refers to sleep.o(i.usr_sleep) for usr_sleep
    app_main.o(i.main) refers to lib.o(i.ble_sleep) for ble_sleep
    app_main.o(i.main) refers to led.o(i.led_set) for led_set
    app_main.o(i.main) refers to sleep.o(i.enter_sleep) for enter_sleep
    app_main.o(i.main) refers to usr_design.o(i.prf_init) for prf_init
    app_main.o(i.main) refers to usr_design.o(i.prf_dispatch_disconnect) for prf_dispatch_disconnect
    app_main.o(i.main) refers to app_main.o(.bss) for .bss
    app_main.o(i.main) refers to sleep.o(i.sleep_cb) for sleep_cb
    system.o(i.SystemInit) refers to math.o(REG_ACCESS_SECTION) for __wr_reg
    system.o(i.SystemInit) refers to syscon.o(i.syscon_set_sysclk_src) for syscon_set_sysclk_src
    system.o(i.SystemInit) refers to syscon.o(i.syscon_set_ahb_clk) for syscon_set_ahb_clk
    system.o(i.SystemInit) refers to syscon.o(i.syscon_set_ble_clk) for syscon_set_ble_clk
    system.o(i.SystemInit) refers to syscon.o(i.syscon_set_apb_clk) for syscon_set_apb_clk
    system.o(i.SystemInit) refers to syscon.o(i.syscon_set_timer_clk) for syscon_set_timer_clk
    system.o(i.SystemInit) refers to syscon.o(i.syscon_set_usart_clk) for syscon_set_usart_clk
    system.o(i.SystemInit) refers to gpio.o(i.gpio_init) for gpio_init
    system.o(i.SystemInit) refers to led.o(i.led_init) for led_init
    system.o(i.SystemInit) refers to button.o(i.button_init) for button_init
    system.o(i.SystemInit) refers to uart.o(i.uart_init) for uart_init
    system.o(i.SystemInit) refers to usr_design.o(i.gpio_interrupt_callback) for gpio_interrupt_callback
    usr_design.o(i.app_button_timer_handler) refers to app_main.o(i.assert_err) for assert_err
    usr_design.o(i.app_button_timer_handler) refers to gpio.o(i.gpio_read_pin) for gpio_read_pin
    usr_design.o(i.app_button_timer_handler) refers to app_gap.o(i.app_gap_adv_start_req) for app_gap_adv_start_req
    usr_design.o(i.app_button_timer_handler) refers to app_gap.o(i.app_gap_adv_stop_req) for app_gap_adv_stop_req
    usr_design.o(i.app_button_timer_handler) refers to sleep.o(.data) for sleep_env
    usr_design.o(i.app_button_timer_handler) refers to usr_design.o(.data) for .data
    usr_design.o(i.app_event_button1_press_handler) refers to sleep.o(i.wakeup_32k_xtal_start_timer) for wakeup_32k_xtal_start_timer
    usr_design.o(i.app_event_button1_press_handler) refers to sleep.o(.data) for sleep_env
    usr_design.o(i.app_event_button2_press_handler) refers to sleep.o(i.wakeup_32k_xtal_start_timer) for wakeup_32k_xtal_start_timer
    usr_design.o(i.app_event_button2_press_handler) refers to sleep.o(.data) for sleep_env
    usr_design.o(i.app_init) refers to app_task.o(i.task_app_desc_register) for task_app_desc_register
    usr_design.o(i.app_led_timer_handler) refers to led.o(i.led_get) for led_get
    usr_design.o(i.app_led_timer_handler) refers to led.o(i.led_set) for led_set
    usr_design.o(i.app_led_timer_handler) refers to usr_design.o(.data) for .data
[...]
    Removing usr_design.o(.rev16_text), (4 bytes).
    Removing usr_design.o(.revsh_text), (4 bytes).
    Removing usr_design.o(.bss), (124 bytes).
    Removing app_task.o(.rev16_text), (4 bytes).
    Removing app_task.o(.revsh_text), (4 bytes).
    Removing app_gap.o(.rev16_text), (4 bytes).
    Removing app_gap.o(.revsh_text), (4 bytes).
    Removing app_gap.o(i.app_gap_bond_resp), (60 bytes).
    Removing app_gap.o(i.app_gap_discon_req), (40 bytes).
    Removing app_gap.o(i.app_gap_reset_req), (20 bytes).
    Removing app_gap.o(i.app_gap_set_devname_req), (52 bytes).
    Removing app_gap.o(i.app_gap_set_random_addr_req), (44 bytes).
    Removing app_gap.o(i.app_gap_unpair_req), (56 bytes).
    Removing app_gap_task.o(.rev16_text), (4 bytes).
    Removing app_gap_task.o(.revsh_text), (4 bytes).
    Removing app_gap_task.o(i.app_correct_rssi), (24 bytes).
    Removing app_gap_task.o(i.app_device_setup), (10 bytes).
    Removing uart.o(.rev16_text), (4 bytes).
    Removing uart.o(.revsh_text), (4 bytes).
    Removing uart.o(i.UartGetc), (32 bytes).
    Removing uart.o(i.uart_dump_register), (48 bytes).
    Removing uart.o(i.uart_finish_transfers), (16 bytes).
    Removing uart.o(i.uart_flow_off), (220 bytes).
    Removing uart.o(i.uart_flow_on), (56 bytes).
    Removing uart.o(i.uart_printf), (36 bytes).
    Removing uart.o(i.uart_read), (100 bytes).
    Removing uart.o(i.uart_write), (112 bytes).
    Removing gpio.o(.rev16_text), (4 bytes).
    Removing gpio.o(.revsh_text), (4 bytes).
    Removing gpio.o(i.gpio_disable_interrupt), (8 bytes).
    Removing gpio.o(i.gpio_open_drain_out), (42 bytes).
    Removing gpio.o(i.gpio_pull_set), (104 bytes).
    Removing gpio.o(i.gpio_set_interrupt), (40 bytes).
    Removing gpio.o(i.gpio_toggle_pin), (24 bytes).
    Removing gpio.o(i.gpio_write_pin_field), (32 bytes).
    Removing sleep.o(.rev16_text), (4 bytes).
    Removing sleep.o(.revsh_text), (4 bytes).
    Removing sleep.o(i.enter_low_power_mode), (96 bytes).
    Removing sleep.o(i.restore_from_low_power_mode), (80 bytes).
    Removing sleep.o(i.wakeup_by_gpio), (64 bytes).
    Removing syscon.o(.rev16_text), (4 bytes).
    Removing syscon.o(.revsh_text), (4 bytes).
    Removing syscon.o(i.syscon_enable_transceiver), (52 bytes).
    Removing syscon.o(i.syscon_get_ahb_clk), (44 bytes).
    Removing syscon.o(i.syscon_get_apb_clk), (44 bytes).
    Removing syscon.o(i.syscon_get_reset_cause), (96 bytes).
    Removing timer.o(.rev16_text), (4 bytes).
    Removing timer.o(.revsh_text), (4 bytes).
    Removing timer.o(i.NVIC_EnableIRQ), (20 bytes).
    Removing timer.o(i.syscon_SetCRSC), (10 bytes).
    Removing timer.o(i.syscon_SetCRSS), (8 bytes).
    Removing timer.o(i.timer_capture_config), (176 bytes).
    Removing timer.o(i.timer_config), (88 bytes).
    Removing timer.o(i.timer_delay), (66 bytes).
    Removing timer.o(i.timer_init), (216 bytes).
    Removing timer.o(i.timer_pwm_config), (128 bytes).
    Removing timer.o(i.timer_timer_SetCR), (8 bytes).
    Removing timer.o(i.timer_timer_SetTOPR), (10 bytes).
    Removing rtc.o(.rev16_text), (4 bytes).
    Removing rtc.o(.revsh_text), (4 bytes).
    Removing serialflash.o(.rev16_text), (4 bytes).
    Removing serialflash.o(.revsh_text), (4 bytes).
    Removing serialflash.o(i.block_erase_flash), (48 bytes).
    Removing serialflash.o(i.flash_write_enable), (32 bytes).
    Removing serialflash.o(i.read_flash), (48 bytes).
    Removing serialflash.o(i.sector_erase_flash), (52 bytes).
    Removing serialflash.o(i.set_flash_clock), (20 bytes).
    Removing serialflash.o(i.write_flash), (44 bytes).
    Removing led.o(.rev16_text), (4 bytes).
    Removing led.o(.revsh_text), (4 bytes).
    Removing led.o(i.led_matrix), (46 bytes).
    Removing button.o(.rev16_text), (4 bytes).
    Removing button.o(.revsh_text), (4 bytes).
    Removing button.o(i.check_button_state), (20 bytes).
    Removing retarget.o(i._sys_exit), (2 bytes).
    Removing retarget.o(i._ttywrch), (10 bytes).
    Removing retarget.o(i.ferror), (6 bytes).
    Removing retarget.o(i.fgetc), (12 bytes).
    Removing retarget.o(.data), (4 bytes).
    Removing lib.o(.rev16_text), (4 bytes).
    Removing lib.o(.revsh_text), (4 bytes).
    Removing lib.o(i.__nvds_del), (44 bytes).
    Removing lib.o(i.__nvds_lock), (44 bytes).
    Removing lib.o(i.__nvds_put), (46 bytes).
    Removing lib.o(i.atts_get_value), (120 bytes).
    Removing lib.o(i.atts_hdl_val_ntf_req_handler_patch), (188 bytes).
    Removing lib.o(i.atts_l2cc_data_packet_ind_handler_patch), (764 bytes).
    Removing lib.o(i.atts_svc_create_db_ext), (332 bytes).
    Removing lib.o(i.co_list_is_empty), (14 bytes).
    Removing lib.o(i.enable_32k_mode), (16 bytes).
    Removing lib.o(i.enable_hoat_support), (16 bytes).
    Removing lib.o(i.fcc_ce_rx_test), (40 bytes).
    Removing lib.o(i.fcc_ce_tx_test), (324 bytes).
    Removing lib.o(i.gatt_read_req_cfm_handler_patch), (72 bytes).
    Removing lib.o(i.l2cc_data_send_rsp_att_handler_patch), (52 bytes).
    Removing lib.o(i.llcp_channel_map_req_handler_patch), (68 bytes).
    Removing lib.o(i.llcp_con_up_req_handler_patch), (68 bytes).
    Removing lib.o(i.lld_evt_end_patch), (156 bytes).
    Removing lib.o(i.lld_evt_prog), (280 bytes).
    Removing lib.o(i.lld_evt_restart_patch), (28 bytes).
    Removing lib.o(i.lld_evt_restart_slv), (432 bytes).
    Removing lib.o(i.lld_evt_rxwin_compute), (20 bytes).
    Removing lib.o(i.lld_evt_schedule_next), (256 bytes).
    Removing lib.o(i.lld_evt_schedule_patch), (140 bytes).
    Removing lib.o(i.lld_evt_time_cmp), (24 bytes).
    Removing lib.o(i.nvds_purge), (144 bytes).
    Removing lib.o(i.patch_nvds_put), (372 bytes).
    Removing lib.o(i.qn_feature_config), (20 bytes).
    Removing lib.o(i.reg_ble_sleep_cb), (12 bytes).
    Removing lib.o(i.reg_eaci_tx_done), (20 bytes).
    Removing lib.o(i.restore_ble_dev_mode_flag), (56 bytes).
    Removing lib.o(i.set_ble_program_latency), (36 bytes).
    Removing lib.o(.data), (4 bytes).
    Removing qnrf.o(.rev16_text), (4 bytes).
    Removing qnrf.o(.revsh_text), (4 bytes).
    Removing qnrf.o(i.rf_tx_power_level_get), (88 bytes).
    Removing qnrf.o(i.rf_tx_power_level_set), (156 bytes).
    Removing qnrf.o(.constdata), (13 bytes).
    Removing dadd.o(.text), (356 bytes).
    Removing dmul.o(.text), (208 bytes).
    Removing ddiv.o(.text), (240 bytes).
    Removing dfixul.o(.text), (64 bytes).
    Removing cdrcmple.o(.text), (40 bytes).
    Removing depilogue.o(.text), (190 bytes).
    Removing depilogue.o(i.__ARM_clz), (46 bytes).

132 unused section(s) (total 8655 bytes) removed from the image.

==============================================================================

Image Symbol Table

    Local Symbols

    Symbol Name                              Value     Ov Type        Size  Object(Section)

    ../clib/../cmprslib/zerorunl2.c          0x00000000   Number         0  __dczerorl2.o ABSOLUTE
    ../clib/microlib/division.c              0x00000000   Number         0  uidiv.o ABSOLUTE
    ../clib/microlib/division.c              0x00000000   Number         0  idiv.o ABSOLUTE
    ../clib/microlib/init/entry.s            0x00000000   Number         0  entry5.o ABSOLUTE
    ../clib/microlib/init/entry.s            0x00000000   Number         0  entry8b.o ABSOLUTE
    ../clib/microlib/init/entry.s            0x00000000   Number         0  entry9a.o ABSOLUTE
    ../clib/microlib/init/entry.s            0x00000000   Number         0  entry2.o ABSOLUTE
    ../clib/microlib/init/entry.s            0x00000000   Number         0  entry11a.o ABSOLUTE
    ../clib/microlib/init/entry.s            0x00000000   Number         0  entry7a.o ABSOLUTE
    ../clib/microlib/init/entry.s            0x00000000   Number         0  entry8a.o ABSOLUTE
    ../clib/microlib/init/entry.s            0x00000000   Number         0  entry9b.o ABSOLUTE
    ../clib/microlib/init/entry.s            0x00000000   Number         0  entry.o ABSOLUTE
    ../clib/microlib/init/entry.s            0x00000000   Number         0  entry7b.o ABSOLUTE
    ../clib/microlib/init/entry.s            0x00000000   Number         0  entry10a.o ABSOLUTE
    ../clib/microlib/init/entry.s            0x00000000   Number         0  entry10b.o ABSOLUTE
    ../clib/microlib/init/entry.s            0x00000000   Number         0  entry11b.o ABSOLUTE
    ../clib/microlib/longlong.c              0x00000000   Number         0  llshl.o ABSOLUTE
    ../clib/microlib/longlong.c              0x00000000   Number         0  llsshr.o ABSOLUTE
    ../clib/microlib/longlong.c              0x00000000   Number         0  llushr.o ABSOLUTE
    ../clib/microlib/printf/printf.c         0x00000000   Number         0  printf8.o ABSOLUTE
    ../clib/microlib/printf/printf.c         0x00000000   Number         0  printf7.o ABSOLUTE
    ../clib/microlib/printf/printf.c         0x00000000   Number         0  printf5.o ABSOLUTE
    ../clib/microlib/printf/printf.c         0x00000000   Number         0  printf4.o ABSOLUTE
    ../clib/microlib/printf/printf.c         0x00000000   Number         0  printf3.o ABSOLUTE
    ../clib/microlib/printf/printf.c         0x00000000   Number         0  printf2.o ABSOLUTE
    ../clib/microlib/printf/printf.c         0x00000000   Number         0  printf1.o ABSOLUTE
    ../clib/microlib/printf/printf.c         0x00000000   Number         0  printf0.o ABSOLUTE
    ../clib/microlib/printf/printf.c         0x00000000   Number         0  printfb.o ABSOLUTE
    ../clib/microlib/printf/printf.c         0x00000000   Number         0  printf6.o ABSOLUTE
    ../clib/microlib/printf/printf.c         0x00000000   Number         0  printfa.o ABSOLUTE
    ../clib/microlib/printf/stubs.s          0x00000000   Number         0  stubs.o ABSOLUTE
    ../clib/microlib/stdlib/rand.c           0x00000000   Number         0  rand.o ABSOLUTE
    ../clib/microlib/string/memcmp.c         0x00000000   Number         0  memcmp.o ABSOLUTE
    ../clib/microlib/string/memcpy.c         0x00000000   Number         0  memcpya.o ABSOLUTE
    ../clib/microlib/string/memcpy.c         0x00000000   Number         0  memcpyb.o ABSOLUTE
    ../clib/microlib/string/memset.c         0x00000000   Number         0  memseta.o ABSOLUTE
    ../clib/microlib/stubs.s                 0x00000000   Number         0  useno.o ABSOLUTE
    ../clib/microlib/stubs.s                 0x00000000   Number         0  iusefp.o ABSOLUTE
    ../fplib/microlib/fpadd.c                0x00000000   Number         0  dadd.o ABSOLUTE
    ../fplib/microlib/fpdiv.c                0x00000000   Number         0  ddiv.o ABSOLUTE
    ../fplib/microlib/fpepilogue.c           0x00000000   Number         0  depilogue.o ABSOLUTE
    ../fplib/microlib/fpfix.c                0x00000000   Number         0  dfixul.o ABSOLUTE
    ../fplib/microlib/fpmul.c                0x00000000   Number         0  dmul.o ABSOLUTE
    ..\..\src\app\app_task.c                 0x00000000   Number         0  app_task.o ABSOLUTE
    ..\..\src\app\gap\app_gap.c              0x00000000   Number         0  app_gap.o ABSOLUTE
    ..\..\src\app\gap\app_gap_task.c         0x00000000   Number         0  app_gap_task.o ABSOLUTE
    ..\..\src\driver\gpio.c                  0x00000000   Number         0  gpio.o ABSOLUTE
    ..\..\src\driver\rtc.c                   0x00000000   Number         0  rtc.o ABSOLUTE
    ..\..\src\driver\serialflash.c           0x00000000   Number         0  serialflash.o ABSOLUTE
    ..\..\src\driver\sleep.c                 0x00000000   Number         0  sleep.o ABSOLUTE
    ..\..\src\driver\syscon.c                0x00000000   Number         0  syscon.o ABSOLUTE
    ..\..\src\driver\timer.c                 0x00000000   Number         0  timer.o ABSOLUTE
    ..\..\src\driver\uart.c                  0x00000000   Number         0  uart.o ABSOLUTE
    ..\..\src\lib\lib.c                      0x00000000   Number         0  lib.o ABSOLUTE
    ..\..\src\lib\math.s                     0x00000000   Number         0  math.o ABSOLUTE
    ..\..\src\lib\qnrf.c                     0x00000000   Number         0  qnrf.o ABSOLUTE
    ..\..\src\main\app_main.c                0x00000000   Number         0  app_main.o ABSOLUTE
    ..\..\src\qnevb\button.c                 0x00000000   Number         0  button.o ABSOLUTE
    ..\..\src\qnevb\led.c                    0x00000000   Number         0  led.o ABSOLUTE
    ..\..\src\retarget\retarget.c            0x00000000   Number         0  retarget.o ABSOLUTE
    ..\..\src\startup\keil\startup.s         0x00000000   Number         0  startup.o ABSOLUTE
    ..\\..\\src\\app\\app_task.c             0x00000000   Number         0  app_task.o ABSOLUTE
    ..\\..\\src\\app\\gap\\app_gap.c         0x00000000   Number         0  app_gap.o ABSOLUTE
    ..\\..\\src\\app\\gap\\app_gap_task.c    0x00000000   Number         0  app_gap_task.o ABSOLUTE
    ..\\..\\src\\driver\\gpio.c              0x00000000   Number         0  gpio.o ABSOLUTE
    ..\\..\\src\\driver\\rtc.c               0x00000000   Number         0  rtc.o ABSOLUTE
    ..\\..\\src\\driver\\serialflash.c       0x00000000   Number         0  serialflash.o ABSOLUTE
    ..\\..\\src\\driver\\sleep.c             0x00000000   Number         0  sleep.o ABSOLUTE
    ..\\..\\src\\driver\\syscon.c            0x00000000   Number         0  syscon.o ABSOLUTE
    ..\\..\\src\\driver\\timer.c             0x00000000   Number         0  timer.o ABSOLUTE
    ..\\..\\src\\driver\\uart.c              0x00000000   Number         0  uart.o ABSOLUTE
    ..\\..\\src\\lib\\lib.c                  0x00000000   Number         0  lib.o ABSOLUTE
    ..\\..\\src\\lib\\qnrf.c                 0x00000000   Number         0  qnrf.o ABSOLUTE
    ..\\..\\src\\main\\app_main.c            0x00000000   Number         0  app_main.o ABSOLUTE
    ..\\..\\src\\qnevb\\button.c             0x00000000   Number         0  button.o ABSOLUTE
    ..\\..\\src\\qnevb\\led.c                0x00000000   Number         0  led.o ABSOLUTE
    ..\\src\\system.c                        0x00000000   Number         0  system.o ABSOLUTE
    ..\\src\\usr_design.c                    0x00000000   Number         0  usr_design.o ABSOLUTE
    ..\src\system.c                          0x00000000   Number         0  system.o ABSOLUTE
    ..\src\usr_design.c                      0x00000000   Number         0  usr_design.o ABSOLUTE
    cdrcmple.s                               0x00000000   Number         0  cdrcmple.o ABSOLUTE
    dc.s                                     0x00000000   Number         0  dc.o ABSOLUTE
    handlers.s                               0x00000000   Number         0  handlers.o ABSOLUTE
    init.s                                   0x00000000   Number         0  init.o ABSOLUTE
    RESET                                    0x10000000   Section      192  startup.o(RESET)
    .ARM.Collect$$$$00000000                 0x100000c0   Section        0  entry.o(.ARM.Collect$$$$00000000)
    .ARM.Collect$$$$00000001                 0x100000c0   Section        4  entry2.o(.ARM.Collect$$$$00000001)
    .ARM.Collect$$$$00000004                 0x100000c4   Section        4  entry5.o(.ARM.Collect$$$$00000004)
    .ARM.Collect$$$$00000008                 0x100000c8   Section        0  entry7b.o(.ARM.Collect$$$$00000008)
    .ARM.Collect$$$$0000000A                 0x100000c8   Section        0  entry8b.o(.ARM.Collect$$$$0000000A)
    .ARM.Collect$$$$0000000B                 0x100000c8   Section        8  entry9a.o(.ARM.Collect$$$$0000000B)
    .ARM.Collect$$$$0000000D                 0x100000d0   Section        0  entry10a.o(.ARM.Collect$$$$0000000D)
    .ARM.Collect$$$$0000000F                 0x100000d0   Section        0  entry11a.o(.ARM.Collect$$$$0000000F)
    .ARM.Collect$$$$00002712                 0x100000d0   Section        4  entry2.o(.ARM.Collect$$$$00002712)
    __lit__00000000                          0x100000d0   Data           4  entry2.o(.ARM.Collect$$$$00002712)
    .text                                    0x100000d4   Section       48  startup.o(.text)
    .text                                    0x10000104   Section      422  math.o(.text)
    .text                                    0x100002aa   Section        0  uidiv.o(.text)
    .text                                    0x100002d8   Section        0  rand.o(.text)
    .text                                    0x100002fc   Section        0  memcpya.o(.text)
    .text                                    0x10000320   Section        0  memcmp.o(.text)
    .text                                    0x1000033c   Section       36  init.o(.text)
    .text                                    0x10000360   Section        0  __dczerorl2.o(.text)
    REG_ACCESS_SECTION                       0x100003b8   Section       30  math.o(REG_ACCESS_SECTION)
    i.BLE_IRQHandler                         0x100003d8   Section        0  lib.o(i.BLE_IRQHandler)
    i.GPIO_IRQHandler                        0x10000488   Section        0  gpio.o(i.GPIO_IRQHandler)
    i.OSC_EN_IRQHandler                      0x100004d8   Section        0  sleep.o(i.OSC_EN_IRQHandler)
    i.SystemInit                             0x10000514   Section        0  system.o(i.SystemInit)
    i.TIMER0_IRQHandler                      0x10000618   Section        0  timer.o(i.TIMER0_IRQHandler)
    i.TIMER1_IRQHandler                      0x10000668   Section        0  timer.o(i.TIMER1_IRQHandler)
    i.TIMER2_IRQHandler                      0x100006b8   Section        0  timer.o(i.TIMER2_IRQHandler)
    i.TIMER3_IRQHandler                      0x10000708   Section        0  timer.o(i.TIMER3_IRQHandler)
    i.UART0_RX_IRQHandler                    0x10000758   Section        0  uart.o(i.UART0_RX_IRQHandler)
    i.UART0_TX_IRQHandler                    0x100007cc   Section        0  uart.o(i.UART0_TX_IRQHandler)
    i.UartPutc                               0x10000818   Section        0  uart.o(i.UartPutc)
    i.__0printf$8                            0x10000844   Section        0  printf8.o(i.__0printf$8)
    i.__ARM_common_switch8                   0x10000864   Section        0  led.o(i.__ARM_common_switch8)
    i.__nvds_get                             0x10000880   Section        0  lib.o(i.__nvds_get)
    i.__nvds_wrtie                           0x100008b4   Section        0  lib.o(i.__nvds_wrtie)
    __nvds_wrtie                             0x100008b5   Thumb Code   214  lib.o(i.__nvds_wrtie)
    i.__scatterload_copy                     0x10000994   Section       14  handlers.o(i.__scatterload_copy)
    i.__scatterload_null                     0x100009a2   Section        2  handlers.o(i.__scatterload_null)
    i.__scatterload_zeroinit                 0x100009a4   Section       14  handlers.o(i.__scatterload_zeroinit)
    i._printf_core                           0x100009b4   Section        0  printf8.o(i._printf_core)
    _printf_core                             0x100009b5   Thumb Code  1020  printf8.o(i._printf_core)
    i._printf_post_padding                   0x10000ddc   Section        0  printf8.o(i._printf_post_padding)
    _printf_post_padding                     0x10000ddd   Thumb Code    32  printf8.o(i._printf_post_padding)
    i._printf_pre_padding                    0x10000dfc   Section        0  printf8.o(i._printf_pre_padding)
    _printf_pre_padding                      0x10000dfd   Thumb Code    44  printf8.o(i._printf_pre_padding)
    i.app_32k_xtal_wakeup_timer              0x10000e28   Section        0  app_task.o(i.app_32k_xtal_wakeup_timer)
    app_32k_xtal_wakeup_timer                0x10000e29   Thumb Code    64  app_task.o(i.app_32k_xtal_wakeup_timer)
    i.app_beacon_chg_ctx_timer_handler       0x10000e70   Section        0  usr_design.o(i.app_beacon_chg_ctx_timer_handler)
    i.app_button_timer_handler               0x10000e8c   Section        0  usr_design.o(i.app_button_timer_handler)
    i.app_event_button1_press_handler        0x10000f74   Section        0  usr_design.o(i.app_event_button1_press_handler)
    i.app_event_button2_press_handler        0x10000fa8   Section        0  usr_design.o(i.app_event_button2_press_handler)
    i.app_gap_adv_start_req                  0x10000fdc   Section        0  app_gap.o(i.app_gap_adv_start_req)
    i.app_gap_adv_stop_req                   0x1000106c   Section        0  app_gap.o(i.app_gap_adv_stop_req)
    i.app_gap_change_param_req_cmp_handler   0x10001090   Section        0  app_gap_task.o(i.app_gap_change_param_req_cmp_handler)
    i.app_gap_read_bdaddr_req                0x100010dc   Section        0  app_gap.o(i.app_gap_read_bdaddr_req)
    i.app_gap_read_bdaddr_req_cmp_evt_handler 0x100010f0   Section        0  app_gap_task.o(i.app_gap_read_bdaddr_req_cmp_evt_handler)
    i.app_gap_read_ver_req                   0x10001140   Section        0  app_gap.o(i.app_gap_read_ver_req)
    i.app_gap_read_ver_req_cmp_evt_handler   0x10001154   Section        0  app_gap_task.o(i.app_gap_read_ver_req_cmp_evt_handler)
    i.app_gap_ready_evt_handler              0x10001178   Section        0  app_gap_task.o(i.app_gap_ready_evt_handler)
    i.app_gap_reset_req_cmp_handler          0x10001190   Section        0  app_gap_task.o(i.app_gap_reset_req_cmp_handler)
    i.app_gap_set_bondable_mode_req          0x1000119c   Section        0  app_gap.o(i.app_gap_set_bondable_mode_req)
    i.app_gap_set_devname_req_cmp_evt_handler 0x100011c0   Section        0  app_gap_task.o(i.app_gap_set_devname_req_cmp_evt_handler)
    i.app_gap_set_mode_req_cmp_evt_handler   0x100011f4   Section        0  app_gap_task.o(i.app_gap_set_mode_req_cmp_evt_handler)
    i.app_gap_set_random_add_req_cmp_handler 0x10001288   Section        0  app_gap_task.o(i.app_gap_set_random_add_req_cmp_handler)
    i.app_gap_set_sec_req                    0x100012b8   Section        0  app_gap.o(i.app_gap_set_sec_req)
    i.app_gap_set_sec_req_cmp_evt_handler    0x100012e0   Section        0  app_gap_task.o(i.app_gap_set_sec_req_cmp_evt_handler)
    i.app_gatt_resource_access_req_handler   0x10001304   Section        0  app_gap_task.o(i.app_gatt_resource_access_req_handler)
    i.app_init                               0x1000132c   Section        0  usr_design.o(i.app_init)
    i.app_led_timer_handler                  0x10001340   Section        0  usr_design.o(i.app_led_timer_handler)
    i.app_task_msg_hdl                       0x10001384   Section        0  usr_design.o(i.app_task_msg_hdl)
    i.assert_err                             0x10001388   Section        0  app_main.o(i.assert_err)
    i.atts_patch_env_clear                   0x100013c0   Section        0  lib.o(i.atts_patch_env_clear)
    atts_patch_env_clear                     0x100013c1   Thumb Code    50  lib.o(i.atts_patch_env_clear)
    i.atts_req_error_ind_handler_patch       0x10001400   Section        0  lib.o(i.atts_req_error_ind_handler_patch)
    atts_req_error_ind_handler_patch         0x10001401   Thumb Code    58  lib.o(i.atts_req_error_ind_handler_patch)
    i.ble_evt_empty                          0x1000144c   Section        0  lib.o(i.ble_evt_empty)
    i.ble_ext_wakeup_allow                   0x10001460   Section        0  lib.o(i.ble_ext_wakeup_allow)
    i.ble_hw_sleep                           0x1000148c   Section        0  lib.o(i.ble_hw_sleep)
    i.ble_init                               0x100014a4   Section        0  lib.o(i.ble_init)
    i.ble_sleep                              0x100015fc   Section        0  lib.o(i.ble_sleep)
    i.button_init                            0x1000163c   Section        0  button.o(i.button_init)
    i.cal_cal_SetCAL0WithMask                0x10001660   Section        0  lib.o(i.cal_cal_SetCAL0WithMask)
    cal_cal_SetCAL0WithMask                  0x10001661   Thumb Code     8  lib.o(i.cal_cal_SetCAL0WithMask)
    i.cal_cal_SetCAL1WithMask                0x10001668   Section        0  lib.o(i.cal_cal_SetCAL1WithMask)
    cal_cal_SetCAL1WithMask                  0x10001669   Thumb Code    10  lib.o(i.cal_cal_SetCAL1WithMask)
    i.check_ble_wakeup                       0x10001674   Section        0  lib.o(i.check_ble_wakeup)
    i.co_buf_rx_get                          0x10001688   Section        0  lib.o(i.co_buf_rx_get)
    co_buf_rx_get                            0x10001689   Thumb Code    12  lib.o(i.co_buf_rx_get)
    i.config_work_mode                       0x10001698   Section        0  lib.o(i.config_work_mode)
    i.dc_dc_enable                           0x10001710   Section        0  lib.o(i.dc_dc_enable)
    i.default_enter_sleep_cb                 0x10001750   Section        0  lib.o(i.default_enter_sleep_cb)
    default_enter_sleep_cb                   0x10001751   Thumb Code    34  lib.o(i.default_enter_sleep_cb)
    i.default_exit_sleep_cb                  0x1000177c   Section        0  lib.o(i.default_exit_sleep_cb)
    default_exit_sleep_cb                    0x1000177d   Thumb Code    20  lib.o(i.default_exit_sleep_cb)
    i.delay                                  0x10001798   Section        0  lib.o(i.delay)
    delay                                    0x10001799   Thumb Code    16  lib.o(i.delay)
    i.dp_dp_SetRegWithMask                   0x100017a8   Section        0  lib.o(i.dp_dp_SetRegWithMask)
    dp_dp_SetRegWithMask                     0x100017a9   Thumb Code    12  lib.o(i.dp_dp_SetRegWithMask)
    i.enter_sleep                            0x100017b8   Section        0  sleep.o(i.enter_sleep)
    i.force_agc_enable_null                  0x10001978   Section        0  lib.o(i.force_agc_enable_null)
    force_agc_enable_null                    0x10001979   Thumb Code     2  lib.o(i.force_agc_enable_null)
    i.fputc                                  0x1000197a   Section        0  retarget.o(i.fputc)
    i.gap_discon_ind_handler_patch           0x10001984   Section        0  lib.o(i.gap_discon_ind_handler_patch)
    gap_discon_ind_handler_patch             0x10001985   Thumb Code   154  lib.o(i.gap_discon_ind_handler_patch)
    i.gatt_read_char_req_handler_patch       0x10001a4c   Section        0  lib.o(i.gatt_read_char_req_handler_patch)
    gatt_read_char_req_handler_patch         0x10001a4d   Thumb Code    58  lib.o(i.gatt_read_char_req_handler_patch)
    i.gatt_write_char_req_handler_patch      0x10001a94   Section        0  lib.o(i.gatt_write_char_req_handler_patch)
    gatt_write_char_req_handler_patch        0x10001a95   Thumb Code   222  lib.o(i.gatt_write_char_req_handler_patch)
    i.gpio_enable_interrupt                  0x10001b90   Section        0  gpio.o(i.gpio_enable_interrupt)
    i.gpio_init                              0x10001b98   Section        0  gpio.o(i.gpio_init)
    i.gpio_interrupt_callback                0x10001bbc   Section        0  usr_design.o(i.gpio_interrupt_callback)
    i.gpio_read_pin                          0x10001bd6   Section        0  gpio.o(i.gpio_read_pin)
    i.gpio_read_pin_field                    0x10001bea   Section        0  gpio.o(i.gpio_read_pin_field)
    i.gpio_set_direction                     0x10001bf6   Section        0  gpio.o(i.gpio_set_direction)
    i.gpio_set_direction_field               0x10001c06   Section        0  gpio.o(i.gpio_set_direction_field)
    i.gpio_sleep_allowed                     0x10001c14   Section        0  gpio.o(i.gpio_sleep_allowed)
    i.gpio_wakeup_config                     0x10001c38   Section        0  gpio.o(i.gpio_wakeup_config)
    i.gpio_write_pin                         0x10001c98   Section        0  gpio.o(i.gpio_write_pin)
    i.is_flash_busy                          0x10001cb8   Section        0  serialflash.o(i.is_flash_busy)
    is_flash_busy                            0x10001cb9   Thumb Code    36  serialflash.o(i.is_flash_busy)
    i.is_flash_off                           0x10001ce4   Section        0  lib.o(i.is_flash_off)
    is_flash_off                             0x10001ce5   Thumb Code    20  lib.o(i.is_flash_off)
    i.is_flash_present                       0x10001cfc   Section        0  serialflash.o(i.is_flash_present)
    i.ke_schedule                            0x10001d1c   Section        0  lib.o(i.ke_schedule)
    i.ke_time                                0x10001d68   Section        0  lib.o(i.ke_time)
    i.ke_timer_empty                         0x10001d78   Section        0  lib.o(i.ke_timer_empty)
    i.l2cc_data_packet_ind_handler_patch     0x10001d90   Section        0  lib.o(i.l2cc_data_packet_ind_handler_patch)
    l2cc_data_packet_ind_handler_patch       0x10001d91   Thumb Code    78  lib.o(i.l2cc_data_packet_ind_handler_patch)
    i.l2cc_data_send_rsp_handler_patch       0x10001dec   Section        0  lib.o(i.l2cc_data_send_rsp_handler_patch)
    l2cc_data_send_rsp_handler_patch         0x10001ded   Thumb Code    96  lib.o(i.l2cc_data_send_rsp_handler_patch)
    i.led_get                                0x10001e64   Section        0  led.o(i.led_get)
    i.led_init                               0x10001e92   Section        0  led.o(i.led_init)
    i.led_set                                0x10001eca   Section        0  led.o(i.led_set)
    i.llc_data_packet_ind_handler_patch      0x10001ef4   Section        0  lib.o(i.llc_data_packet_ind_handler_patch)
    llc_data_packet_ind_handler_patch        0x10001ef5   Thumb Code   226  lib.o(i.llc_data_packet_ind_handler_patch)
    i.llc_data_req_handler_patch             0x10001ff0   Section        0  lib.o(i.llc_data_req_handler_patch)
    llc_data_req_handler_patch               0x10001ff1   Thumb Code   134  lib.o(i.llc_data_req_handler_patch)
    i.llc_lld_stop_ind_handler_patch         0x1000208c   Section        0  lib.o(i.llc_lld_stop_ind_handler_patch)
    llc_lld_stop_ind_handler_patch           0x1000208d   Thumb Code    36  lib.o(i.llc_lld_stop_ind_handler_patch)
    i.lld_sleep_init_patch                   0x100020b8   Section        0  lib.o(i.lld_sleep_init_patch)
    lld_sleep_init_patch                     0x100020b9   Thumb Code    30  lib.o(i.lld_sleep_init_patch)
    i.lld_sleep_lpcycles_2_us                0x100020e4   Section        0  lib.o(i.lld_sleep_lpcycles_2_us)
    lld_sleep_lpcycles_2_us                  0x100020e5   Thumb Code    50  lib.o(i.lld_sleep_lpcycles_2_us)
    i.llm_lld_data_ind_handler_patch         0x10002120   Section        0  lib.o(i.llm_lld_data_ind_handler_patch)
    llm_lld_data_ind_handler_patch           0x10002121   Thumb Code   138  lib.o(i.llm_lld_data_ind_handler_patch)
    i.main                                   0x100021bc   Section        0  app_main.o(i.main)
    i.nvds_copy                              0x10002308   Section        0  lib.o(i.nvds_copy)
    nvds_copy                                0x10002309   Thumb Code    58  lib.o(i.nvds_copy)
    i.nvds_erase                             0x10002348   Section        0  lib.o(i.nvds_erase)
    nvds_erase                               0x10002349   Thumb Code    40  lib.o(i.nvds_erase)
    i.nvds_read                              0x10002374   Section        0  lib.o(i.nvds_read)
    nvds_read                                0x10002375   Thumb Code   138  lib.o(i.nvds_read)
    i.nvds_restore_backup                    0x10002408   Section        0  lib.o(i.nvds_restore_backup)
    nvds_restore_backup                      0x10002409   Thumb Code    98  lib.o(i.nvds_restore_backup)
    i.nvds_write                             0x10002478   Section        0  lib.o(i.nvds_write)
    nvds_write                               0x10002479   Thumb Code    78  lib.o(i.nvds_write)
    i.plf_init                               0x100024c8   Section        0  lib.o(i.plf_init)
    i.plf_reset_cb                           0x10002838   Section        0  lib.o(i.plf_reset_cb)
    plf_reset_cb                             0x10002839   Thumb Code    10  lib.o(i.plf_reset_cb)
    i.power_off_flash                        0x10002844   Section        0  serialflash.o(i.power_off_flash)
    i.power_on_flash                         0x1000286c   Section        0  serialflash.o(i.power_on_flash)
    i.powerup_calibration                    0x100028ac   Section        0  lib.o(i.powerup_calibration)
    powerup_calibration                      0x100028ad   Thumb Code   330  lib.o(i.powerup_calibration)
    i.prf_dispatch_disconnect                0x10002a30   Section        0  usr_design.o(i.prf_dispatch_disconnect)
    i.prf_init                               0x10002a32   Section        0  usr_design.o(i.prf_init)
    i.read_flash_id                          0x10002a34   Section        0  serialflash.o(i.read_flash_id)
    i.restore_ble_setting                    0x10002a44   Section        0  lib.o(i.restore_ble_setting)
    i.rwble_slot_2_lpcycles                  0x10002a94   Section        0  lib.o(i.rwble_slot_2_lpcycles)
    rwble_slot_2_lpcycles                    0x10002a95   Thumb Code    32  lib.o(i.rwble_slot_2_lpcycles)
    i.sector_erase_flash_patch               0x10002ab8   Section        0  lib.o(i.sector_erase_flash_patch)
    sector_erase_flash_patch                 0x10002ab9   Thumb Code    40  lib.o(i.sector_erase_flash_patch)
    i.set_dbg_info                           0x10002ae8   Section        0  lib.o(i.set_dbg_info)
    i.sleep_cb                               0x10002af8   Section        0  sleep.o(i.sleep_cb)
    i.sleep_init                             0x10002b10   Section        0  sleep.o(i.sleep_init)
    i.sleep_post_process                     0x10002b44   Section        0  lib.o(i.sleep_post_process)
    i.smp_rtx_ind_handler_patch              0x10002bb0   Section        0  lib.o(i.smp_rtx_ind_handler_patch)
    smp_rtx_ind_handler_patch                0x10002bb1   Thumb Code    70  lib.o(i.smp_rtx_ind_handler_patch)
    i.smpc_l2cc_data_packet_ind_handler_patch 0x10002c08   Section        0  lib.o(i.smpc_l2cc_data_packet_ind_handler_patch)
    smpc_l2cc_data_packet_ind_handler_patch  0x10002c09   Thumb Code    96  lib.o(i.smpc_l2cc_data_packet_ind_handler_patch)
    i.store_ble_dev_mode_flag                0x10002c74   Section        0  lib.o(i.store_ble_dev_mode_flag)
    i.syscon_GetBLESR                        0x10002c80   Section        0  sleep.o(i.syscon_GetBLESR)
    syscon_GetBLESR                          0x10002c81   Thumb Code    10  sleep.o(i.syscon_GetBLESR)
    i.syscon_GetBLESR                        0x10002c8a   Section        0  lib.o(i.syscon_GetBLESR)
    syscon_GetBLESR                          0x10002c8b   Thumb Code    10  lib.o(i.syscon_GetBLESR)
    i.syscon_SetCMDCRWithMask                0x10002c94   Section        0  sleep.o(i.syscon_SetCMDCRWithMask)
    syscon_SetCMDCRWithMask                  0x10002c95   Thumb Code    10  sleep.o(i.syscon_SetCMDCRWithMask)
    i.syscon_SetCMDCRWithMask                0x10002c9e   Section        0  syscon.o(i.syscon_SetCMDCRWithMask)
    syscon_SetCMDCRWithMask                  0x10002c9f   Thumb Code    10  syscon.o(i.syscon_SetCMDCRWithMask)
    i.syscon_SetIvrefX32WithMask             0x10002ca8   Section        0  sleep.o(i.syscon_SetIvrefX32WithMask)
    syscon_SetIvrefX32WithMask               0x10002ca9   Thumb Code    10  sleep.o(i.syscon_SetIvrefX32WithMask)
    i.syscon_SetIvrefX32WithMask             0x10002cb2   Section        0  lib.o(i.syscon_SetIvrefX32WithMask)
    syscon_SetIvrefX32WithMask               0x10002cb3   Thumb Code    10  lib.o(i.syscon_SetIvrefX32WithMask)
    i.syscon_SetPGCR0WithMask                0x10002cbc   Section        0  sleep.o(i.syscon_SetPGCR0WithMask)
    syscon_SetPGCR0WithMask                  0x10002cbd   Thumb Code    10  sleep.o(i.syscon_SetPGCR0WithMask)
    i.syscon_SetPGCR1WithMask                0x10002cc6   Section        0  lib.o(i.syscon_SetPGCR1WithMask)
    syscon_SetPGCR1WithMask                  0x10002cc7   Thumb Code    10  lib.o(i.syscon_SetPGCR1WithMask)
    i.syscon_SetPGCR2WithMask                0x10002cd0   Section        0  sleep.o(i.syscon_SetPGCR2WithMask)
    syscon_SetPGCR2WithMask                  0x10002cd1   Thumb Code    10  sleep.o(i.syscon_SetPGCR2WithMask)
    i.syscon_set_ahb_clk                     0x10002cdc   Section        0  syscon.o(i.syscon_set_ahb_clk)
    i.syscon_set_apb_clk                     0x10002d14   Section        0  syscon.o(i.syscon_set_apb_clk)
    i.syscon_set_ble_clk                     0x10002d48   Section        0  syscon.o(i.syscon_set_ble_clk)
    i.syscon_set_sysclk_src                  0x10002d88   Section        0  syscon.o(i.syscon_set_sysclk_src)
    i.syscon_set_timer_clk                   0x10002e44   Section        0  syscon.o(i.syscon_set_timer_clk)
    i.syscon_set_usart_clk                   0x10002e70   Section        0  syscon.o(i.syscon_set_usart_clk)
    i.task_app_desc_register                 0x10002ee0   Section        0  app_task.o(i.task_app_desc_register)
    i.task_atts_desc_register                0x10002f18   Section        0  lib.o(i.task_atts_desc_register)
    task_atts_desc_register                  0x10002f19   Thumb Code   110  lib.o(i.task_atts_desc_register)
    i.task_gatt_desc_register                0x10002fa0   Section        0  lib.o(i.task_gatt_desc_register)
    task_gatt_desc_register                  0x10002fa1   Thumb Code   116  lib.o(i.task_gatt_desc_register)
    i.task_llc_desc_register                 0x10003060   Section        0  lib.o(i.task_llc_desc_register)
    task_llc_desc_register                   0x10003061   Thumb Code    84  lib.o(i.task_llc_desc_register)
    i.timer_timer_ClrIntFlag                 0x100030d0   Section        0  timer.o(i.timer_timer_ClrIntFlag)
    timer_timer_ClrIntFlag                   0x100030d1   Thumb Code    10  timer.o(i.timer_timer_ClrIntFlag)
    i.timer_timer_GetIntFlag                 0x100030da   Section        0  timer.o(i.timer_timer_GetIntFlag)
    timer_timer_GetIntFlag                   0x100030db   Thumb Code    10  timer.o(i.timer_timer_GetIntFlag)
    i.uart_check_tx_free                     0x100030e4   Section        0  uart.o(i.uart_check_tx_free)
    i.uart_init                              0x10003120   Section        0  uart.o(i.uart_init)
    i.uart_rx_int_enable                     0x100031b8   Section        0  uart.o(i.uart_rx_int_enable)
    uart_rx_int_enable                       0x100031b9   Thumb Code    18  uart.o(i.uart_rx_int_enable)
    i.uart_tx_int_enable                     0x100031cc   Section        0  uart.o(i.uart_tx_int_enable)
    uart_tx_int_enable                       0x100031cd   Thumb Code    46  uart.o(i.uart_tx_int_enable)
    i.uart_uart_ClrIntFlag                   0x10003204   Section        0  uart.o(i.uart_uart_ClrIntFlag)
    uart_uart_ClrIntFlag                     0x10003205   Thumb Code    10  uart.o(i.uart_uart_ClrIntFlag)
    i.uart_uart_GetIntFlag                   0x1000320e   Section        0  uart.o(i.uart_uart_GetIntFlag)
    uart_uart_GetIntFlag                     0x1000320f   Thumb Code    10  uart.o(i.uart_uart_GetIntFlag)
    i.uart_uart_SetTXD                       0x10003218   Section        0  uart.o(i.uart_uart_SetTXD)
    uart_uart_SetTXD                         0x10003219   Thumb Code     8  uart.o(i.uart_uart_SetTXD)
    i.usr_beacon_chg_ctx_process             0x10003220   Section        0  usr_design.o(i.usr_beacon_chg_ctx_process)
    usr_beacon_chg_ctx_process               0x10003221   Thumb Code   116  usr_design.o(i.usr_beacon_chg_ctx_process)
    i.usr_button1_cb                         0x100032ac   Section        0  usr_design.o(i.usr_button1_cb)
    i.usr_button2_cb                         0x100032dc   Section        0  usr_design.o(i.usr_button2_cb)
    i.usr_init                               0x1000330c   Section        0  usr_design.o(i.usr_init)
    i.usr_sleep                              0x1000337c   Section        0  sleep.o(i.usr_sleep)
    i.usr_sleep_restore                      0x10003404   Section        0  usr_design.o(i.usr_sleep_restore)
    i.wakeup_32k_xtal_start_timer            0x10003438   Section        0  sleep.o(i.wakeup_32k_xtal_start_timer)
    i.wakeup_32k_xtal_switch_clk             0x1000344c   Section        0  sleep.o(i.wakeup_32k_xtal_switch_clk)
    i.wakeup_by_sleep_timer                  0x100034a0   Section        0  sleep.o(i.wakeup_by_sleep_timer)
    .constdata                               0x10003508   Section      128  app_task.o(.constdata)
    .constdata                               0x10003588   Section       48  app_task.o(.constdata)
    .constdata                               0x100035b8   Section       51  uart.o(.constdata)
    .constdata                               0x100035ec   Section       16  lib.o(.constdata)
    .conststring                             0x100035fc   Section       74  app_gap_task.o(.conststring)
    .data                                    0x10003678   Section      118  usr_design.o(.data)
    beacon_ctx_idx                           0x10003678   Data           1  usr_design.o(.data)
    .data                                    0x100036ee   Section        2  app_task.o(.data)
    .data                                    0x100036f0   Section        4  gpio.o(.data)
    gpio_env                                 0x100036f0   Data           4  gpio.o(.data)
    .data                                    0x100036f4   Section       32  sleep.o(.data)
    .data                                    0x10003714   Section       12  syscon.o(.data)
    .data                                    0x10003720   Section       32  timer.o(.data)
    .data                                    0x10003740   Section        8  serialflash.o(.data)
    .data                                    0x10003748   Section        4  retarget.o(.data)
    .data                                    0x1000374c   Section      260  lib.o(.data)
    dc_dc_flag                               0x1000374c   Data           1  lib.o(.data)
    ext_ctrl                                 0x1000374d   Data           1  lib.o(.data)
    acc                                      0x1000374e   Data           1  lib.o(.data)
    code                                     0x1000374f   Data           1  lib.o(.data)
    total_len                                0x10003750   Data           2  lib.o(.data)
    current_rcv_len                          0x10003752   Data           2  lib.o(.data)
    cid                                      0x10003754   Data           2  lib.o(.data)
    handle                                   0x10003756   Data           2  lib.o(.data)
    app_flags                                0x10003764   Data           4  lib.o(.data)
    ntf_pkt_info                             0x10003768   Data           8  lib.o(.data)
    l2cm_default_handler_new                 0x10003770   Data           8  lib.o(.data)
    l2cc_default_handler_new                 0x10003778   Data           8  lib.o(.data)
    gatt_default_handler_new                 0x10003780   Data           8  lib.o(.data)
    smpc_default_handler_new                 0x10003788   Data           8  lib.o(.data)
    llm_default_handler_new                  0x10003790   Data           8  lib.o(.data)
    llc_default_handler_new                  0x10003798   Data           8  lib.o(.data)
    .data                                    0x10003850   Section        4  rand.o(.data)
    _rand_state                              0x10003850   Data           4  rand.o(.data)
    .bss                                     0x10003854   Section      800  app_main.o(.bss)
    ble_heap                                 0x10003854   Data         800  app_main.o(.bss)
    .bss                                     0x10003b74   Section       48  uart.o(.bss)
    uart0_env                                0x10003b74   Data          24  uart.o(.bss)
    uart1_env                                0x10003b8c   Data          24  uart.o(.bss)
    .bss                                     0x10003ba4   Section     1620  lib.o(.bss)
    l2cm_default_state_new                   0x10003ba4   Data          72  lib.o(.bss)
    l2cc_default_state_new                   0x10003bec   Data          32  lib.o(.bss)
    gatt_idle_new                            0x10003c0c   Data         256  lib.o(.bss)
    gatt_default_state_new                   0x10003d0c   Data         288  lib.o(.bss)
    gatt_state_handler_new                   0x10003e2c   Data          16  lib.o(.bss)
    atts_resource_init_state_new             0x10003e3c   Data          32  lib.o(.bss)
    atts_state_handler_new                   0x10003e5c   Data          24  lib.o(.bss)
    smpc_default_state_new                   0x10003e74   Data         200  lib.o(.bss)
    llm_default_state_new                    0x10003f3c   Data         304  lib.o(.bss)
    llc_default_state_new                    0x1000406c   Data         296  lib.o(.bss)
    atts_patch_env                           0x10004194   Data          36  lib.o(.bss)
    new_feature_ctrl                         0x100041b8   Data          48  lib.o(.bss)
    llc_stopping_new                         0x100041e8   Data          16  lib.o(.bss)
    STACK                                    0x100041f8   Section      512  startup.o(STACK)

    Global Symbols

    Symbol Name                              Value     Ov Type        Size  Object(Section)

    BuildAttributes$$THM_ISAv3M$S$PE$A:L22$X:L11$S22$IEEE1$IW$USESV6$~STKCKD$USESV7$~SHL$OSPACE$ROPI$EBA8$MICROLIB$REQ8$PRES8$EABIv2 0x00000000   Number         0  anon$$obj.o ABSOLUTE
    __ARM_use_no_argv                        0x00000000   Number         0  app_main.o ABSOLUTE
    __use_no_errno                           0x00000000   Number         0  useno.o ABSOLUTE
    __use_no_exception_handling              0x00000000   Number         0  useno.o ABSOLUTE
    __use_no_fp                              0x00000000   Number         0  useno.o ABSOLUTE
    __use_no_heap                            0x00000000   Number         0  useno.o ABSOLUTE
    __use_no_heap_region                     0x00000000   Number         0  useno.o ABSOLUTE
    __use_no_semihosting                     0x00000000   Number         0  useno.o ABSOLUTE
    __use_no_semihosting_swi                 0x00000000   Number         0  useno.o ABSOLUTE
    __use_no_signal_handling                 0x00000000   Number         0  useno.o ABSOLUTE
    _printf_a                                0x00000000   Number         0  stubs.o ABSOLUTE
    _printf_c                                0x00000000   Number         0  stubs.o ABSOLUTE
    _printf_charcount                        0x00000000   Number         0  stubs.o ABSOLUTE
    _printf_d                                0x00000000   Number         0  stubs.o ABSOLUTE
    _printf_e                                0x00000000   Number         0  stubs.o ABSOLUTE
    _printf_f                                0x00000000   Number         0  stubs.o ABSOLUTE
    _printf_flags                            0x00000000   Number         0  stubs.o ABSOLUTE
    _printf_fp_dec                           0x00000000   Number         0  stubs.o ABSOLUTE
    _printf_fp_hex                           0x00000000   Number         0  stubs.o ABSOLUTE
    _printf_g                                0x00000000   Number         0  stubs.o ABSOLUTE
    _printf_i                                0x00000000   Number         0  stubs.o ABSOLUTE
    _printf_int_dec                          0x00000000   Number         0  stubs.o ABSOLUTE
    _printf_l                                0x00000000   Number         0  stubs.o ABSOLUTE
    _printf_lc                               0x00000000   Number         0  stubs.o ABSOLUTE
    _printf_ll                               0x00000000   Number         0  stubs.o ABSOLUTE
    _printf_lld                              0x00000000   Number         0  stubs.o ABSOLUTE
    _printf_lli                              0x00000000   Number         0  stubs.o ABSOLUTE
    _printf_llo                              0x00000000   Number         0  stubs.o ABSOLUTE
    _printf_llu                              0x00000000   Number         0  stubs.o ABSOLUTE
    _printf_llx                              0x00000000   Number         0  stubs.o ABSOLUTE
    _printf_longlong_dec                     0x00000000   Number         0  stubs.o ABSOLUTE
    _printf_longlong_hex                     0x00000000   Number         0  stubs.o ABSOLUTE
    _printf_longlong_oct                     0x00000000   Number         0  stubs.o ABSOLUTE
    _printf_ls                               0x00000000   Number         0  stubs.o ABSOLUTE
    _printf_mbtowc                           0x00000000   Number         0  stubs.o ABSOLUTE
    _printf_n                                0x00000000   Number         0  stubs.o ABSOLUTE
    _printf_o                                0x00000000   Number         0  stubs.o ABSOLUTE
    _printf_p                                0x00000000   Number         0  stubs.o ABSOLUTE
    _printf_percent                          0x00000000   Number         0  stubs.o ABSOLUTE
    _printf_pre_padding                      0x00000000   Number         0  stubs.o ABSOLUTE
    _printf_return_value                     0x00000000   Number         0  stubs.o ABSOLUTE
    _printf_s                                0x00000000   Number         0  stubs.o ABSOLUTE
    _printf_sizespec                         0x00000000   Number         0  stubs.o ABSOLUTE
    _printf_str                              0x00000000   Number         0  stubs.o ABSOLUTE
    _printf_truncate_signed                  0x00000000   Number         0  stubs.o ABSOLUTE
    _printf_truncate_unsigned                0x00000000   Number         0  stubs.o ABSOLUTE
    _printf_u                                0x00000000   Number         0  stubs.o ABSOLUTE
    _printf_wc                               0x00000000   Number         0  stubs.o ABSOLUTE
    _printf_wctomb                           0x00000000   Number         0  stubs.o ABSOLUTE
    _printf_widthprec                        0x00000000   Number         0  stubs.o ABSOLUTE
    _printf_x                                0x00000000   Number         0  stubs.o ABSOLUTE
    __cpp_initialize__aeabi_                  - Undefined Weak Reference
    __cxa_finalize                            - Undefined Weak Reference
    _clock_init                               - Undefined Weak Reference
    _microlib_exit                            - Undefined Weak Reference
    __Vectors_Size                           0x000000c0   Number         0  startup.o ABSOLUTE
    __Vectors                                0x10000000   Data           4  startup.o(RESET)
    __Vectors_End                            0x100000c0   Data           0  startup.o(RESET)
    __main                                   0x100000c1   Thumb Code     0  entry.o(.ARM.Collect$$$$00000000)
    _main_stk                                0x100000c1   Thumb Code     0  entry2.o(.ARM.Collect$$$$00000001)
    _main_scatterload                        0x100000c5   Thumb Code     0  entry5.o(.ARM.Collect$$$$00000004)
    __main_after_scatterload                 0x100000c9   Thumb Code     0  entry5.o(.ARM.Collect$$$$00000004)
    _main_clock                              0x100000c9   Thumb Code     0  entry7b.o(.ARM.Collect$$$$00000008)
    _main_cpp_init                           0x100000c9   Thumb Code     0  entry8b.o(.ARM.Collect$$$$0000000A)
    _main_init                               0x100000c9   Thumb Code     0  entry9a.o(.ARM.Collect$$$$0000000B)
    __rt_final_cpp                           0x100000d1   Thumb Code     0  entry10a.o(.ARM.Collect$$$$0000000D)
    __rt_final_exit                          0x100000d1   Thumb Code     0  entry11a.o(.ARM.Collect$$$$0000000F)
    Reset_Handler                            0x100000d5   Thumb Code    14  startup.o(.text)
    NMI_Handler                              0x100000e3   Thumb Code     2  startup.o(.text)
    HardFault_Handler                        0x100000e5   Thumb Code     2  startup.o(.text)
    MemManage_Handler                        0x100000e7   Thumb Code     2  startup.o(.text)
    BusFault_Handler                         0x100000e9   Thumb Code     2  startup.o(.text)
    UsageFault_Handler                       0x100000eb   Thumb Code     2  startup.o(.text)
    SVC_Handler                              0x100000ed   Thumb Code     2  startup.o(.text)
    DebugMon_Handler                         0x100000ef   Thumb Code     2  startup.o(.text)
    PendSV_Handler                           0x100000f1   Thumb Code     2  startup.o(.text)
    SysTick_Handler                          0x100000f3   Thumb Code     2  startup.o(.text)
    ACMP0_IRQHandler                         0x100000f5   Thumb Code     0  startup.o(.text)
    ACMP1_IRQHandler                         0x100000f5   Thumb Code     0  startup.o(.text)
    ADC_IRQHandler                           0x100000f5   Thumb Code     0  startup.o(.text)
    CALIB_IRQHandler                         0x100000f5   Thumb Code     0  startup.o(.text)
    DMA_IRQHandler                           0x100000f5   Thumb Code     0  startup.o(.text)
    I2C_IRQHandler                           0x100000f5   Thumb Code     0  startup.o(.text)
    PWM0_IRQHandler                          0x100000f5   Thumb Code     0  startup.o(.text)
    PWM1_IRQHandler                          0x100000f5   Thumb Code     0  startup.o(.text)
    RTC_CAP_IRQHandler                       0x100000f5   Thumb Code     0  startup.o(.text)
    RTC_IRQHandler                           0x100000f5   Thumb Code     0  startup.o(.text)
    SPI0_IRQHandler                          0x100000f5   Thumb Code     0  startup.o(.text)
    SPI1_IRQHandler                          0x100000f5   Thumb Code     0  startup.o(.text)
    TUNER_RX_IRQHandler                      0x100000f5   Thumb Code     0  startup.o(.text)
    TUNER_SETTING_IRQHandler                 0x100000f5   Thumb Code     0  startup.o(.text)
    TUNER_TX_IRQHandler                      0x100000f5   Thumb Code     0  startup.o(.text)
    UART1_RX_IRQHandler                      0x100000f5   Thumb Code     0  startup.o(.text)
    UART1_TX_IRQHandler                      0x100000f5   Thumb Code     0  startup.o(.text)
    WDT_IRQHandler                           0x100000f5   Thumb Code     0  startup.o(.text)
    __aeabi_lmul                             0x10000105   Thumb Code   166  math.o(.text)
    __aeabi_uldivmod                         0x100001ab   Thumb Code   256  math.o(.text)
    __aeabi_uidiv                            0x100002ab   Thumb Code     0  uidiv.o(.text)
    __aeabi_uidivmod                         0x100002ab   Thumb Code    44  uidiv.o(.text)
    rand                                     0x100002d9   Thumb Code    18  rand.o(.text)
    srand                                    0x100002eb   Thumb Code     6  rand.o(.text)
    __aeabi_memcpy                           0x100002fd   Thumb Code    36  memcpya.o(.text)
    __aeabi_memcpy4                          0x100002fd   Thumb Code     0  memcpya.o(.text)
    __aeabi_memcpy8                          0x100002fd   Thumb Code     0  memcpya.o(.text)
    memcmp                                   0x10000321   Thumb Code    26  memcmp.o(.text)
    __scatterload                            0x1000033d   Thumb Code    28  init.o(.text)
    __scatterload_rt2                        0x1000033d   Thumb Code     0  init.o(.text)
    __decompress                             0x10000361   Thumb Code     0  __dczerorl2.o(.text)
    __decompress1                            0x10000361   Thumb Code    86  __dczerorl2.o(.text)
    __rd_reg                                 0x100003b9   Thumb Code     6  math.o(REG_ACCESS_SECTION)
    __wr_reg                                 0x100003c1   Thumb Code     6  math.o(REG_ACCESS_SECTION)
    __wr_reg_with_msk                        0x100003c9   Thumb Code    14  math.o(REG_ACCESS_SECTION)
    BLE_IRQHandler                           0x100003d9   Thumb Code   152  lib.o(i.BLE_IRQHandler)
    GPIO_IRQHandler                          0x10000489   Thumb Code    64  gpio.o(i.GPIO_IRQHandler)
    OSC_EN_IRQHandler                        0x100004d9   Thumb Code    44  sleep.o(i.OSC_EN_IRQHandler)
    SystemInit                               0x10000515   Thumb Code   222  system.o(i.SystemInit)
    TIMER0_IRQHandler                        0x10000619   Thumb Code    70  timer.o(i.TIMER0_IRQHandler)
    TIMER1_IRQHandler                        0x10000669   Thumb Code    70  timer.o(i.TIMER1_IRQHandler)
    TIMER2_IRQHandler                        0x100006b9   Thumb Code    70  timer.o(i.TIMER2_IRQHandler)
    TIMER3_IRQHandler                        0x10000709   Thumb Code    70  timer.o(i.TIMER3_IRQHandler)
    UART0_RX_IRQHandler                      0x10000759   Thumb Code   106  uart.o(i.UART0_RX_IRQHandler)
    UART0_TX_IRQHandler                      0x100007cd   Thumb Code    66  uart.o(i.UART0_TX_IRQHandler)
    UartPutc                                 0x10000819   Thumb Code    38  uart.o(i.UartPutc)
    __0printf$8                              0x10000845   Thumb Code    24  printf8.o(i.__0printf$8)
    __1printf$8                              0x10000845   Thumb Code     0  printf8.o(i.__0printf$8)
    __2printf                                0x10000845   Thumb Code     0  printf8.o(i.__0printf$8)
    __ARM_common_switch8                     0x10000865   Thumb Code    26  led.o(i.__ARM_common_switch8)
    __nvds_get                               0x10000881   Thumb Code    46  lib.o(i.__nvds_get)
    __scatterload_copy                       0x10000995   Thumb Code    14  handlers.o(i.__scatterload_copy)
    __scatterload_null                       0x100009a3   Thumb Code     2  handlers.o(i.__scatterload_null)
    __scatterload_zeroinit                   0x100009a5   Thumb Code    14  handlers.o(i.__scatterload_zeroinit)
    app_beacon_chg_ctx_timer_handler         0x10000e71   Thumb Code    18  usr_design.o(i.app_beacon_chg_ctx_timer_handler)
    app_button_timer_handler                 0x10000e8d   Thumb Code   176  usr_design.o(i.app_button_timer_handler)
    app_event_button1_press_handler          0x10000f75   Thumb Code    36  usr_design.o(i.app_event_button1_press_handler)
    app_event_button2_press_handler          0x10000fa9   Thumb Code    36  usr_design.o(i.app_event_button2_press_handler)
    app_gap_adv_start_req                    0x10000fdd   Thumb Code   134  app_gap.o(i.app_gap_adv_start_req)
    app_gap_adv_stop_req                     0x1000106d   Thumb Code    26  app_gap.o(i.app_gap_adv_stop_req)
    app_gap_change_param_req_cmp_handler     0x10001091   Thumb Code    44  app_gap_task.o(i.app_gap_change_param_req_cmp_handler)
    app_gap_read_bdaddr_req                  0x100010dd   Thumb Code    10  app_gap.o(i.app_gap_read_bdaddr_req)
    app_gap_read_bdaddr_req_cmp_evt_handler  0x100010f1   Thumb Code    44  app_gap_task.o(i.app_gap_read_bdaddr_req_cmp_evt_handler)
    app_gap_read_ver_req                     0x10001141   Thumb Code    10  app_gap.o(i.app_gap_read_ver_req)
    app_gap_read_ver_req_cmp_evt_handler     0x10001155   Thumb Code    32  app_gap_task.o(i.app_gap_read_ver_req_cmp_evt_handler)
    app_gap_ready_evt_handler                0x10001179   Thumb Code    24  app_gap_task.o(i.app_gap_ready_evt_handler)
    app_gap_reset_req_cmp_handler            0x10001191   Thumb Code    10  app_gap_task.o(i.app_gap_reset_req_cmp_handler)
    app_gap_set_bondable_mode_req            0x1000119d   Thumb Code    26  app_gap.o(i.app_gap_set_bondable_mode_req)
    app_gap_set_devname_req_cmp_evt_handler  0x100011c1   Thumb Code    24  app_gap_task.o(i.app_gap_set_devname_req_cmp_evt_handler)
    app_gap_set_mode_req_cmp_evt_handler     0x100011f5   Thumb Code    66  app_gap_task.o(i.app_gap_set_mode_req_cmp_evt_handler)
    app_gap_set_random_add_req_cmp_handler   0x10001289   Thumb Code    18  app_gap_task.o(i.app_gap_set_random_add_req_cmp_handler)
    app_gap_set_sec_req                      0x100012b9   Thumb Code    30  app_gap.o(i.app_gap_set_sec_req)
    app_gap_set_sec_req_cmp_evt_handler      0x100012e1   Thumb Code    32  app_gap_task.o(i.app_gap_set_sec_req_cmp_evt_handler)
    app_gatt_resource_access_req_handler     0x10001305   Thumb Code    30  app_gap_task.o(i.app_gatt_resource_access_req_handler)
    app_init                                 0x1000132d   Thumb Code    16  usr_design.o(i.app_init)
    app_led_timer_handler                    0x10001341   Thumb Code    56  usr_design.o(i.app_led_timer_handler)
    app_task_msg_hdl                         0x10001385   Thumb Code     2  usr_design.o(i.app_task_msg_hdl)
    assert_err                               0x10001389   Thumb Code    20  app_main.o(i.assert_err)
    ble_evt_empty                            0x1000144d   Thumb Code    16  lib.o(i.ble_evt_empty)
    ble_ext_wakeup_allow                     0x10001461   Thumb Code    38  lib.o(i.ble_ext_wakeup_allow)
    ble_hw_sleep                             0x1000148d   Thumb Code    22  lib.o(i.ble_hw_sleep)
    ble_init                                 0x100014a5   Thumb Code   260  lib.o(i.ble_init)
    ble_sleep                                0x100015fd   Thumb Code    54  lib.o(i.ble_sleep)
    button_init                              0x1000163d   Thumb Code    36  button.o(i.button_init)
    check_ble_wakeup                         0x10001675   Thumb Code    14  lib.o(i.check_ble_wakeup)
    config_work_mode                         0x10001699   Thumb Code    90  lib.o(i.config_work_mode)
    dc_dc_enable                             0x10001711   Thumb Code    54  lib.o(i.dc_dc_enable)
    enter_sleep                              0x100017b9   Thumb Code   410  sleep.o(i.enter_sleep)
    fputc                                    0x1000197b   Thumb Code    10  retarget.o(i.fputc)
    gpio_enable_interrupt                    0x10001b91   Thumb Code     8  gpio.o(i.gpio_enable_interrupt)
    gpio_init                                0x10001b99   Thumb Code    24  gpio.o(i.gpio_init)
    gpio_interrupt_callback                  0x10001bbd   Thumb Code    26  usr_design.o(i.gpio_interrupt_callback)
    gpio_read_pin                            0x10001bd7   Thumb Code    20  gpio.o(i.gpio_read_pin)
    gpio_read_pin_field                      0x10001beb   Thumb Code    12  gpio.o(i.gpio_read_pin_field)
    gpio_set_direction                       0x10001bf7   Thumb Code    16  gpio.o(i.gpio_set_direction)
    gpio_set_direction_field                 0x10001c07   Thumb Code    14  gpio.o(i.gpio_set_direction_field)
    gpio_sleep_allowed                       0x10001c15   Thumb Code    32  gpio.o(i.gpio_sleep_allowed)
    gpio_wakeup_config                       0x10001c39   Thumb Code    92  gpio.o(i.gpio_wakeup_config)
    gpio_write_pin                           0x10001c99   Thumb Code    28  gpio.o(i.gpio_write_pin)
    is_flash_present                         0x10001cfd   Thumb Code    26  serialflash.o(i.is_flash_present)
    ke_schedule                              0x10001d1d   Thumb Code    60  lib.o(i.ke_schedule)
    ke_time                                  0x10001d69   Thumb Code    12  lib.o(i.ke_time)
    ke_timer_empty                           0x10001d79   Thumb Code    18  lib.o(i.ke_timer_empty)
    led_get                                  0x10001e65   Thumb Code    46  led.o(i.led_get)
    led_init                                 0x10001e93   Thumb Code    56  led.o(i.led_init)
    led_set                                  0x10001ecb   Thumb Code    40  led.o(i.led_set)
    main                                     0x100021bd   Thumb Code   288  app_main.o(i.main)
    plf_init                                 0x100024c9   Thumb Code   692  lib.o(i.plf_init)
    power_off_flash                          0x10002845   Thumb Code    34  serialflash.o(i.power_off_flash)
    power_on_flash                           0x1000286d   Thumb Code    60  serialflash.o(i.power_on_flash)
    prf_dispatch_disconnect                  0x10002a31   Thumb Code     2  usr_design.o(i.prf_dispatch_disconnect)
    prf_init                                 0x10002a33   Thumb Code     2  usr_design.o(i.prf_init)
    read_flash_id                            0x10002a35   Thumb Code    10  serialflash.o(i.read_flash_id)
    restore_ble_setting                      0x10002a45   Thumb Code    64  lib.o(i.restore_ble_setting)
    set_dbg_info                             0x10002ae9   Thumb Code    10  lib.o(i.set_dbg_info)
    sleep_cb                                 0x10002af9   Thumb Code    20  sleep.o(i.sleep_cb)
    sleep_init                               0x10002b11   Thumb Code    36  sleep.o(i.sleep_init)
    sleep_post_process                       0x10002b45   Thumb Code   104  lib.o(i.sleep_post_process)
    store_ble_dev_mode_flag                  0x10002c75   Thumb Code     6  lib.o(i.store_ble_dev_mode_flag)
    syscon_set_ahb_clk                       0x10002cdd   Thumb Code    48  syscon.o(i.syscon_set_ahb_clk)
    syscon_set_apb_clk                       0x10002d15   Thumb Code    46  syscon.o(i.syscon_set_apb_clk)
    syscon_set_ble_clk                       0x10002d49   Thumb Code    56  syscon.o(i.syscon_set_ble_clk)
    syscon_set_sysclk_src                    0x10002d89   Thumb Code   154  syscon.o(i.syscon_set_sysclk_src)
    syscon_set_timer_clk                     0x10002e45   Thumb Code    38  syscon.o(i.syscon_set_timer_clk)
    syscon_set_usart_clk                     0x10002e71   Thumb Code    92  syscon.o(i.syscon_set_usart_clk)
    task_app_desc_register                   0x10002ee1   Thumb Code    44  app_task.o(i.task_app_desc_register)
    uart_check_tx_free                       0x100030e5   Thumb Code    48  uart.o(i.uart_check_tx_free)
    uart_init                                0x10003121   Thumb Code   124  uart.o(i.uart_init)
    usr_button1_cb                           0x100032ad   Thumb Code    34  usr_design.o(i.usr_button1_cb)
    usr_button2_cb                           0x100032dd   Thumb Code    34  usr_design.o(i.usr_button2_cb)
    usr_init                                 0x1000330d   Thumb Code    72  usr_design.o(i.usr_init)
    usr_sleep                                0x1000337d   Thumb Code   128  sleep.o(i.usr_sleep)
    usr_sleep_restore                        0x10003405   Thumb Code    42  usr_design.o(i.usr_sleep_restore)
    wakeup_32k_xtal_start_timer              0x10003439   Thumb Code    10  sleep.o(i.wakeup_32k_xtal_start_timer)
    wakeup_32k_xtal_switch_clk               0x1000344d   Thumb Code    76  sleep.o(i.wakeup_32k_xtal_switch_clk)
    wakeup_by_sleep_timer                    0x100034a1   Thumb Code    92  sleep.o(i.wakeup_by_sleep_timer)
    app_default_state                        0x10003508   Data         128  app_task.o(.constdata)
    app_default_handler                      0x10003588   Data           8  app_task.o(.constdata)
    app_state_handler                        0x10003590   Data          40  app_task.o(.constdata)
    uart_divider                             0x100035b8   Data          51  uart.o(.constdata)
    Region$$Table$$Base                      0x10003648   Number         0  anon$$obj.o(Region$$Table)
    Region$$Table$$Limit                     0x10003678   Number         0  anon$$obj.o(Region$$Table)
    usr_env                                  0x1000367a   Data           4  usr_design.o(.data)
    scan_data                                0x1000367e   Data           6  usr_design.o(.data)
    adv1_data                                0x10003684   Data           8  usr_design.o(.data)
    adv2_data                                0x1000368c   Data           8  usr_design.o(.data)
    beacon_data                              0x10003694   Data          90  usr_design.o(.data)
    app_state                                0x100036ee   Data           2  app_task.o(.data)
    low_power_mode_en                        0x100036f4   Data           1  sleep.o(.data)
    ahb_clock_flag                           0x100036f8   Data           4  sleep.o(.data)
    PGCR1_restore                            0x100036fc   Data           4  sleep.o(.data)
    sleep_env                                0x10003700   Data          20  sleep.o(.data)
    g_SystemClock                            0x10003714   Data           4  syscon.o(.data)
    g_AhbClock                               0x10003718   Data           4  syscon.o(.data)
    g_ApbClock                               0x1000371c   Data           4  syscon.o(.data)
    timer0_env                               0x10003720   Data           8  timer.o(.data)
    timer1_env                               0x10003728   Data           8  timer.o(.data)
    timer2_env                               0x10003730   Data           8  timer.o(.data)
    timer3_env                               0x10003738   Data           8  timer.o(.data)
    g_flash_cmd                              0x10003740   Data           8  serialflash.o(.data)
    __stdout                                 0x10003748   Data           4  retarget.o(.data)
    ble_dev_flag                             0x10003758   Data           2  lib.o(.data)
    ke_env                                   0x1000375c   Data           4  lib.o(.data)
    ke_evt_hdlr                              0x10003760   Data           4  lib.o(.data)
    llc_state_handler_new                    0x100037a0   Data         176  lib.o(.data)
    __initial_sp                             0x100043f8   Data           0  startup.o(STACK)



==============================================================================

Memory Map of the image

  Image Entry point : 0x100000c1

  Load Region LR_ROM1 (Base: 0x10000000, Size: 0x00003854, Max: 0x0000cdb0, ABSOLUTE, COMPRESSED[0x0000370c])

    Execution Region APP_CODE (Base: 0x10000000, Size: 0x000043f8, Max: 0x0000cdb0, ABSOLUTE, COMPRESSED[0x00000094])

    Base Addr    Size         Type   Attr      Idx    E Section Name        Object

    0x10000000   0x000000c0   Data   RO            3    RESET               startup.o
    0x100000c0   0x00000000   Code   RO         1641  * .ARM.Collect$$$$00000000  mc_p.l(entry.o)
    0x100000c0   0x00000004   Code   RO         1922    .ARM.Collect$$$$00000001  mc_p.l(entry2.o)
    0x100000c4   0x00000004   Code   RO         1925    .ARM.Collect$$$$00000004  mc_p.l(entry5.o)
    0x100000c8   0x00000000   Code   RO         1927    .ARM.Collect$$$$00000008  mc_p.l(entry7b.o)
    0x100000c8   0x00000000   Code   RO         1929    .ARM.Collect$$$$0000000A  mc_p.l(entry8b.o)
    0x100000c8   0x00000008   Code   RO         1930    .ARM.Collect$$$$0000000B  mc_p.l(entry9a.o)
    0x100000d0   0x00000000   Code   RO         1932    .ARM.Collect$$$$0000000D  mc_p.l(entry10a.o)
    0x100000d0   0x00000000   Code   RO         1934    .ARM.Collect$$$$0000000F  mc_p.l(entry11a.o)
    0x100000d0   0x00000004   Code   RO         1923    .ARM.Collect$$$$00002712  mc_p.l(entry2.o)
    0x100000d4   0x00000030   Code   RO            4    .text               startup.o
    0x10000104   0x000001a6   Code   RO         1629    .text               qn9020b2_lib_peripheral.lib(math.o)
    0x100002aa   0x0000002c   Code   RO         1644    .text               mc_p.l(uidiv.o)
    0x100002d6   0x00000002   PAD
    0x100002d8   0x00000024   Code   RO         1650    .text               mc_p.l(rand.o)
    0x100002fc   0x00000024   Code   RO         1653    .text               mc_p.l(memcpya.o)
    0x10000320   0x0000001a   Code   RO         1657    .text               mc_p.l(memcmp.o)
    0x1000033a   0x00000002   PAD
    0x1000033c   0x00000024   Code   RO         1947    .text               mc_p.l(init.o)
    0x10000360   0x00000056   Code   RO         1965    .text               mc_p.l(__dczerorl2.o)
    0x100003b6   0x00000002   PAD
    0x100003b8   0x0000001e   Code   RO         1628    REG_ACCESS_SECTION  qn9020b2_lib_peripheral.lib(math.o)
    0x100003d6   0x00000002   PAD
    0x100003d8   0x000000b0   Code   RO         1444    i.BLE_IRQHandler    qn9020b2_lib_peripheral.lib(lib.o)
    0x10000488   0x00000050   Code   RO          789    i.GPIO_IRQHandler   gpio.o
    0x100004d8   0x0000003c   Code   RO          905    i.OSC_EN_IRQHandler  sleep.o
    0x10000514   0x00000104   Code   RO          259    i.SystemInit        system.o
    0x10000618   0x00000050   Code   RO         1114    i.TIMER0_IRQHandler  timer.o
    0x10000668   0x00000050   Code   RO         1115    i.TIMER1_IRQHandler  timer.o
    0x100006b8   0x00000050   Code   RO         1116    i.TIMER2_IRQHandler  timer.o
    0x10000708   0x00000050   Code   RO         1117    i.TIMER3_IRQHandler  timer.o
    0x10000758   0x00000074   Code   RO          651    i.UART0_RX_IRQHandler  uart.o
    0x100007cc   0x0000004c   Code   RO          652    i.UART0_TX_IRQHandler  uart.o
    0x10000818   0x0000002c   Code   RO          654    i.UartPutc          uart.o
    0x10000844   0x00000020   Code   RO         1868    i.__0printf$8       mc_p.l(printf8.o)
    0x10000864   0x0000001a   Code   RO         1358    i.__ARM_common_switch8  led.o
    0x1000087e   0x00000002   PAD
    0x10000880   0x00000034   Code   RO         1446    i.__nvds_get        qn9020b2_lib_peripheral.lib(lib.o)
    0x100008b4   0x000000e0   Code   RO         1449    i.__nvds_wrtie      qn9020b2_lib_peripheral.lib(lib.o)
    0x10000994   0x0000000e   Code   RO         1959    i.__scatterload_copy  mc_p.l(handlers.o)
    0x100009a2   0x00000002   Code   RO         1960    i.__scatterload_null  mc_p.l(handlers.o)
    0x100009a4   0x0000000e   Code   RO         1961    i.__scatterload_zeroinit  mc_p.l(handlers.o)
    0x100009b2   0x00000002   PAD
    0x100009b4   0x00000428   Code   RO         1875    i._printf_core      mc_p.l(printf8.o)
    0x10000ddc   0x00000020   Code   RO         1876    i._printf_post_padding  mc_p.l(printf8.o)
    0x10000dfc   0x0000002c   Code   RO         1877    i._printf_pre_padding  mc_p.l(printf8.o)
    0x10000e28   0x00000048   Code   RO          439    i.app_32k_xtal_wakeup_timer  app_task.o
    0x10000e70   0x0000001c   Code   RO          320    i.app_beacon_chg_ctx_timer_handler  usr_design.o
    0x10000e8c   0x000000e8   Code   RO          321    i.app_button_timer_handler  usr_design.o
    0x10000f74   0x00000034   Code   RO          322    i.app_event_button1_press_handler  usr_design.o
    0x10000fa8   0x00000034   Code   RO          323    i.app_event_button2_press_handler  usr_design.o
    0x10000fdc   0x00000090   Code   RO          475    i.app_gap_adv_start_req  app_gap.o
    0x1000106c   0x00000024   Code   RO          476    i.app_gap_adv_stop_req  app_gap.o
    0x10001090   0x0000004c   Code   RO          566    i.app_gap_change_param_req_cmp_handler  app_gap_task.o
    0x100010dc   0x00000014   Code   RO          479    i.app_gap_read_bdaddr_req  app_gap.o
    0x100010f0   0x00000050   Code   RO          567    i.app_gap_read_bdaddr_req_cmp_evt_handler  app_gap_task.o
    0x10001140   0x00000014   Code   RO          480    i.app_gap_read_ver_req  app_gap.o
    0x10001154   0x00000024   Code   RO          568    i.app_gap_read_ver_req_cmp_evt_handler  app_gap_task.o
    0x10001178   0x00000018   Code   RO          569    i.app_gap_ready_evt_handler  app_gap_task.o
    0x10001190   0x0000000a   Code   RO          570    i.app_gap_reset_req_cmp_handler  app_gap_task.o
    0x1000119a   0x00000002   PAD
    0x1000119c   0x00000024   Code   RO          482    i.app_gap_set_bondable_mode_req  app_gap.o
    0x100011c0   0x00000034   Code   RO          571    i.app_gap_set_devname_req_cmp_evt_handler  app_gap_task.o
    0x100011f4   0x00000094   Code   RO          572    i.app_gap_set_mode_req_cmp_evt_handler  app_gap_task.o
    0x10001288   0x00000030   Code   RO          573    i.app_gap_set_random_add_req_cmp_handler  app_gap_task.o
    0x100012b8   0x00000028   Code   RO          485    i.app_gap_set_sec_req  app_gap.o
    0x100012e0   0x00000024   Code   RO          574    i.app_gap_set_sec_req_cmp_evt_handler  app_gap_task.o
    0x10001304   0x00000028   Code   RO          575    i.app_gatt_resource_access_req_handler  app_gap_task.o
    0x1000132c   0x00000014   Code   RO          324    i.app_init          usr_design.o
    0x10001340   0x00000044   Code   RO          325    i.app_led_timer_handler  usr_design.o
    0x10001384   0x00000002   Code   RO          326    i.app_task_msg_hdl  usr_design.o
    0x10001386   0x00000002   PAD
    0x10001388   0x00000038   Code   RO           12    i.assert_err        app_main.o
    0x100013c0   0x00000040   Code   RO         1453    i.atts_patch_env_clear  qn9020b2_lib_peripheral.lib(lib.o)
    0x10001400   0x0000004c   Code   RO         1454    i.atts_req_error_ind_handler_patch  qn9020b2_lib_peripheral.lib(lib.o)
    0x1000144c   0x00000014   Code   RO         1456    i.ble_evt_empty     qn9020b2_lib_peripheral.lib(lib.o)
    0x10001460   0x0000002c   Code   RO         1457    i.ble_ext_wakeup_allow  qn9020b2_lib_peripheral.lib(lib.o)
    0x1000148c   0x00000016   Code   RO         1458    i.ble_hw_sleep      qn9020b2_lib_peripheral.lib(lib.o)
    0x100014a2   0x00000002   PAD
    0x100014a4   0x00000158   Code   RO         1459    i.ble_init          qn9020b2_lib_peripheral.lib(lib.o)
    0x100015fc   0x00000040   Code   RO         1460    i.ble_sleep         qn9020b2_lib_peripheral.lib(lib.o)
    0x1000163c   0x00000024   Code   RO         1365    i.button_init       button.o
    0x10001660   0x00000008   Code   RO         1461    i.cal_cal_SetCAL0WithMask  qn9020b2_lib_peripheral.lib(lib.o)
    0x10001668   0x0000000a   Code   RO         1462    i.cal_cal_SetCAL1WithMask  qn9020b2_lib_peripheral.lib(lib.o)
    0x10001672   0x00000002   PAD
    0x10001674   0x00000014   Code   RO         1463    i.check_ble_wakeup  qn9020b2_lib_peripheral.lib(lib.o)
    0x10001688   0x00000010   Code   RO         1464    i.co_buf_rx_get     qn9020b2_lib_peripheral.lib(lib.o)
    0x10001698   0x00000078   Code   RO         1466    i.config_work_mode  qn9020b2_lib_peripheral.lib(lib.o)
    0x10001710   0x00000040   Code   RO         1467    i.dc_dc_enable      qn9020b2_lib_peripheral.lib(lib.o)
    0x10001750   0x0000002c   Code   RO         1468    i.default_enter_sleep_cb  qn9020b2_lib_peripheral.lib(lib.o)
    0x1000177c   0x0000001c   Code   RO         1469    i.default_exit_sleep_cb  qn9020b2_lib_peripheral.lib(lib.o)
    0x10001798   0x00000010   Code   RO         1470    i.delay             qn9020b2_lib_peripheral.lib(lib.o)
    0x100017a8   0x00000010   Code   RO         1471    i.dp_dp_SetRegWithMask  qn9020b2_lib_peripheral.lib(lib.o)
    0x100017b8   0x000001c0   Code   RO          907    i.enter_sleep       sleep.o
    0x10001978   0x00000002   Code   RO         1476    i.force_agc_enable_null  qn9020b2_lib_peripheral.lib(lib.o)
    0x1000197a   0x0000000a   Code   RO         1393    i.fputc             retarget.o
    0x10001984   0x000000c8   Code   RO         1477    i.gap_discon_ind_handler_patch  qn9020b2_lib_peripheral.lib(lib.o)
    0x10001a4c   0x00000048   Code   RO         1478    i.gatt_read_char_req_handler_patch  qn9020b2_lib_peripheral.lib(lib.o)
    0x10001a94   0x000000fc   Code   RO         1480    i.gatt_write_char_req_handler_patch  qn9020b2_lib_peripheral.lib(lib.o)
    0x10001b90   0x00000008   Code   RO          791    i.gpio_enable_interrupt  gpio.o
    0x10001b98   0x00000024   Code   RO          792    i.gpio_init         gpio.o
    0x10001bbc   0x0000001a   Code   RO          327    i.gpio_interrupt_callback  usr_design.o
    0x10001bd6   0x00000014   Code   RO          795    i.gpio_read_pin     gpio.o
    0x10001bea   0x0000000c   Code   RO          796    i.gpio_read_pin_field  gpio.o
    0x10001bf6   0x00000010   Code   RO          797    i.gpio_set_direction  gpio.o
    0x10001c06   0x0000000e   Code   RO          798    i.gpio_set_direction_field  gpio.o
    0x10001c14   0x00000024   Code   RO          800    i.gpio_sleep_allowed  gpio.o
    0x10001c38   0x00000060   Code   RO          802    i.gpio_wakeup_config  gpio.o
    0x10001c98   0x00000020   Code   RO          803    i.gpio_write_pin    gpio.o
    0x10001cb8   0x0000002c   Code   RO         1241    i.is_flash_busy     serialflash.o
    0x10001ce4   0x00000018   Code   RO         1481    i.is_flash_off      qn9020b2_lib_peripheral.lib(lib.o)
    0x10001cfc   0x00000020   Code   RO         1242    i.is_flash_present  serialflash.o
    0x10001d1c   0x0000004c   Code   RO         1482    i.ke_schedule       qn9020b2_lib_peripheral.lib(lib.o)
    0x10001d68   0x00000010   Code   RO         1483    i.ke_time           qn9020b2_lib_peripheral.lib(lib.o)
    0x10001d78   0x00000018   Code   RO         1484    i.ke_timer_empty    qn9020b2_lib_peripheral.lib(lib.o)
    0x10001d90   0x0000005c   Code   RO         1485    i.l2cc_data_packet_ind_handler_patch  qn9020b2_lib_peripheral.lib(lib.o)
    0x10001dec   0x00000078   Code   RO         1487    i.l2cc_data_send_rsp_handler_patch  qn9020b2_lib_peripheral.lib(lib.o)
    0x10001e64   0x0000002e   Code   RO         1325    i.led_get           led.o
    0x10001e92   0x00000038   Code   RO         1326    i.led_init          led.o
    0x10001eca   0x00000028   Code   RO         1328    i.led_set           led.o
    0x10001ef2   0x00000002   PAD
    0x10001ef4   0x000000fc   Code   RO         1488    i.llc_data_packet_ind_handler_patch  qn9020b2_lib_peripheral.lib(lib.o)
    0x10001ff0   0x0000009c   Code   RO         1489    i.llc_data_req_handler_patch  qn9020b2_lib_peripheral.lib(lib.o)
    0x1000208c   0x0000002c   Code   RO         1490    i.llc_lld_stop_ind_handler_patch  qn9020b2_lib_peripheral.lib(lib.o)
    0x100020b8   0x0000002c   Code   RO         1501    i.lld_sleep_init_patch  qn9020b2_lib_peripheral.lib(lib.o)
    0x100020e4   0x0000003c   Code   RO         1502    i.lld_sleep_lpcycles_2_us  qn9020b2_lib_peripheral.lib(lib.o)
    0x10002120   0x0000009c   Code   RO         1503    i.llm_lld_data_ind_handler_patch  qn9020b2_lib_peripheral.lib(lib.o)
    0x100021bc   0x0000014c   Code   RO           15    i.main              app_main.o
    0x10002308   0x00000040   Code   RO         1504    i.nvds_copy         qn9020b2_lib_peripheral.lib(lib.o)
    0x10002348   0x0000002c   Code   RO         1505    i.nvds_erase        qn9020b2_lib_peripheral.lib(lib.o)
    0x10002374   0x00000094   Code   RO         1507    i.nvds_read         qn9020b2_lib_peripheral.lib(lib.o)
    0x10002408   0x00000070   Code   RO         1508    i.nvds_restore_backup  qn9020b2_lib_peripheral.lib(lib.o)
    0x10002478   0x0000004e   Code   RO         1509    i.nvds_write        qn9020b2_lib_peripheral.lib(lib.o)
    0x100024c6   0x00000002   PAD
    0x100024c8   0x00000370   Code   RO         1511    i.plf_init          qn9020b2_lib_peripheral.lib(lib.o)
    0x10002838   0x0000000a   Code   RO         1512    i.plf_reset_cb      qn9020b2_lib_peripheral.lib(lib.o)
    0x10002842   0x00000002   PAD
    0x10002844   0x00000028   Code   RO         1243    i.power_off_flash   serialflash.o
    0x1000286c   0x00000040   Code   RO         1244    i.power_on_flash    serialflash.o
    0x100028ac   0x00000184   Code   RO         1513    i.powerup_calibration  qn9020b2_lib_peripheral.lib(lib.o)
    0x10002a30   0x00000002   Code   RO          328    i.prf_dispatch_disconnect  usr_design.o
    0x10002a32   0x00000002   Code   RO          329    i.prf_init          usr_design.o
    0x10002a34   0x00000010   Code   RO         1246    i.read_flash_id     serialflash.o
    0x10002a44   0x00000050   Code   RO         1518    i.restore_ble_setting  qn9020b2_lib_peripheral.lib(lib.o)
    0x10002a94   0x00000024   Code   RO         1519    i.rwble_slot_2_lpcycles  qn9020b2_lib_peripheral.lib(lib.o)
    0x10002ab8   0x00000030   Code   RO         1520    i.sector_erase_flash_patch  qn9020b2_lib_peripheral.lib(lib.o)
    0x10002ae8   0x00000010   Code   RO         1522    i.set_dbg_info      qn9020b2_lib_peripheral.lib(lib.o)
    0x10002af8   0x00000018   Code   RO          909    i.sleep_cb          sleep.o
    0x10002b10   0x00000034   Code   RO          910    i.sleep_init        sleep.o
    0x10002b44   0x0000006c   Code   RO         1523    i.sleep_post_process  qn9020b2_lib_peripheral.lib(lib.o)
    0x10002bb0   0x00000058   Code   RO         1524    i.smp_rtx_ind_handler_patch  qn9020b2_lib_peripheral.lib(lib.o)
    0x10002c08   0x0000006c   Code   RO         1525    i.smpc_l2cc_data_packet_ind_handler_patch  qn9020b2_lib_peripheral.lib(lib.o)
    0x10002c74   0x0000000c   Code   RO         1526    i.store_ble_dev_mode_flag  qn9020b2_lib_peripheral.lib(lib.o)
    0x10002c80   0x0000000a   Code   RO          911    i.syscon_GetBLESR   sleep.o
    0x10002c8a   0x0000000a   Code   RO         1527    i.syscon_GetBLESR   qn9020b2_lib_peripheral.lib(lib.o)
    0x10002c94   0x0000000a   Code   RO          912    i.syscon_SetCMDCRWithMask  sleep.o
    0x10002c9e   0x0000000a   Code   RO         1022    i.syscon_SetCMDCRWithMask  syscon.o
    0x10002ca8   0x0000000a   Code   RO          913    i.syscon_SetIvrefX32WithMask  sleep.o
    0x10002cb2   0x0000000a   Code   RO         1528    i.syscon_SetIvrefX32WithMask  qn9020b2_lib_peripheral.lib(lib.o)
    0x10002cbc   0x0000000a   Code   RO          914    i.syscon_SetPGCR0WithMask  sleep.o
    0x10002cc6   0x0000000a   Code   RO         1529    i.syscon_SetPGCR1WithMask  qn9020b2_lib_peripheral.lib(lib.o)
    0x10002cd0   0x0000000a   Code   RO          915    i.syscon_SetPGCR2WithMask  sleep.o
    0x10002cda   0x00000002   PAD
    0x10002cdc   0x00000038   Code   RO         1027    i.syscon_set_ahb_clk  syscon.o
    0x10002d14   0x00000034   Code   RO         1028    i.syscon_set_apb_clk  syscon.o
    0x10002d48   0x00000040   Code   RO         1029    i.syscon_set_ble_clk  syscon.o
    0x10002d88   0x000000bc   Code   RO         1030    i.syscon_set_sysclk_src  syscon.o
    0x10002e44   0x0000002c   Code   RO         1031    i.syscon_set_timer_clk  syscon.o
    0x10002e70   0x00000070   Code   RO         1032    i.syscon_set_usart_clk  syscon.o
    0x10002ee0   0x00000038   Code   RO          440    i.task_app_desc_register  app_task.o
    0x10002f18   0x00000088   Code   RO         1530    i.task_atts_desc_register  qn9020b2_lib_peripheral.lib(lib.o)
    0x10002fa0   0x000000c0   Code   RO         1531    i.task_gatt_desc_register  qn9020b2_lib_peripheral.lib(lib.o)
    0x10003060   0x00000070   Code   RO         1532    i.task_llc_desc_register  qn9020b2_lib_peripheral.lib(lib.o)
    0x100030d0   0x0000000a   Code   RO         1125    i.timer_timer_ClrIntFlag  timer.o
    0x100030da   0x0000000a   Code   RO         1126    i.timer_timer_GetIntFlag  timer.o
    0x100030e4   0x0000003c   Code   RO          655    i.uart_check_tx_free  uart.o
    0x10003120   0x00000098   Code   RO          660    i.uart_init         uart.o
    0x100031b8   0x00000012   Code   RO          663    i.uart_rx_int_enable  uart.o
    0x100031ca   0x00000002   PAD
    0x100031cc   0x00000038   Code   RO          664    i.uart_tx_int_enable  uart.o
    0x10003204   0x0000000a   Code   RO          665    i.uart_uart_ClrIntFlag  uart.o
    0x1000320e   0x0000000a   Code   RO          666    i.uart_uart_GetIntFlag  uart.o
    0x10003218   0x00000008   Code   RO          667    i.uart_uart_SetTXD  uart.o
    0x10003220   0x0000008c   Code   RO          330    i.usr_beacon_chg_ctx_process  usr_design.o
    0x100032ac   0x00000030   Code   RO          331    i.usr_button1_cb    usr_design.o
    0x100032dc   0x00000030   Code   RO          332    i.usr_button2_cb    usr_design.o
    0x1000330c   0x00000070   Code   RO          333    i.usr_init          usr_design.o
    0x1000337c   0x00000088   Code   RO          916    i.usr_sleep         sleep.o
    0x10003404   0x00000034   Code   RO          334    i.usr_sleep_restore  usr_design.o
    0x10003438   0x00000014   Code   RO          917    i.wakeup_32k_xtal_start_timer  sleep.o
    0x1000344c   0x00000054   Code   RO          918    i.wakeup_32k_xtal_switch_clk  sleep.o
    0x100034a0   0x00000068   Code   RO          920    i.wakeup_by_sleep_timer  sleep.o
    0x10003508   0x00000080   Data   RO          441    .constdata          app_task.o
    0x10003588   0x00000030   Data   RO          442    .constdata          app_task.o
    0x100035b8   0x00000033   Data   RO          670    .constdata          uart.o
    0x100035eb   0x00000001   PAD
    0x100035ec   0x00000010   Data   RO         1534    .constdata          qn9020b2_lib_peripheral.lib(lib.o)
    0x100035fc   0x0000004a   Data   RO          576    .conststring        app_gap_task.o
    0x10003646   0x00000002   PAD
    0x10003648   0x00000030   Data   RO         1957    Region$$Table       anon$$obj.o
    0x10003678   0x00000076   Data   RW          336    .data               usr_design.o
    0x100036ee   0x00000002   Data   RW          443    .data               app_task.o
    0x100036f0   0x00000004   Data   RW          805    .data               gpio.o
    0x100036f4   0x00000020   Data   RW          921    .data               sleep.o
    0x10003714   0x0000000c   Data   RW         1033    .data               syscon.o
    0x10003720   0x00000020   Data   RW         1129    .data               timer.o
    0x10003740   0x00000008   Data   RW         1250    .data               serialflash.o
    0x10003748   0x00000004   Data   RW         1394    .data               retarget.o
    0x1000374c   0x00000104   Data   RW         1535    .data               qn9020b2_lib_peripheral.lib(lib.o)
    0x10003850   0x00000004   Data   RW         1651    .data               mc_p.l(rand.o)
    0x10003854   0x00000320   Zero   RW           16    .bss                app_main.o
    0x10003b74   0x00000030   Zero   RW          669    .bss                uart.o
    0x10003ba4   0x00000654   Zero   RW         1533    .bss                qn9020b2_lib_peripheral.lib(lib.o)
    0x100041f8   0x00000200   Zero   RW            1    STACK               startup.o


==============================================================================

Image component sizes


      Code (inc. data)   RO Data    RW Data    ZI Data      Debug   Object Name

       296         60          0          0          0       3798   app_gap.o
       550        226         74          0          0       7246   app_gap_task.o
       388         80          0          0        800      98952   app_main.o
       128         20        176          2          0      15773   app_task.o
        36          0          0          0          0        446   button.o
       350         40          0          4          0      22955   gpio.o
       168         16          0          0          0       1619   led.o
        10          0          0          4          0       2326   retarget.o
       196         30          0          8          0      18646   serialflash.o
       978        112          0         32          0      25396   sleep.o
        48         14        192          0        512        824   startup.o
       526         82          0         12          0      20039   syscon.o
       260         38          0          0          0      18359   system.o
       340         40          0         32          0      18814   timer.o
       550         76         51          0         48      30974   uart.o
       884        216          0        118          0      28089   usr_design.o

    ----------------------------------------------------------------------
      5720       1050        544        212       1360     314256   Object Totals
         0          0         48          0          0          0   (incl. Generated)
        12          0          3          0          0          0   (incl. Padding)

    ----------------------------------------------------------------------

      Code (inc. data)   RO Data    RW Data    ZI Data      Debug   Library Member Name

        86          0          0          0          0          0   __dczerorl2.o
         0          0          0          0          0          0   entry.o
         0          0          0          0          0          0   entry10a.o
         0          0          0          0          0          0   entry11a.o
         8          4          0          0          0          0   entry2.o
         4          0          0          0          0          0   entry5.o
         0          0          0          0          0          0   entry7b.o
         0          0          0          0          0          0   entry8b.o
         8          4          0          0          0          0   entry9a.o
        30          0          0          0          0          0   handlers.o
        36          8          0          0          0         68   init.o
        26          0          0          0          0         72   memcmp.o
        36          0          0          0          0         60   memcpya.o
      1172         52          0          0          0        324   printf8.o
        36         12          0          4          0        120   rand.o
        44          0          0          0          0         72   uidiv.o
      5708        988         16        260       1620       4168   lib.o
       452          4          0          0          0        184   math.o

    ----------------------------------------------------------------------
      7664       1072         16        264       1620       5068   Library Totals
        18          0          0          0          0          0   (incl. Padding)

    ----------------------------------------------------------------------

      Code (inc. data)   RO Data    RW Data    ZI Data      Debug   Library Name

      1486         80          0          4          0        716   mc_p.l
      6160        992         16        260       1620       4352   qn9020b2_lib_peripheral.lib

    ----------------------------------------------------------------------
      7664       1072         16        264       1620       5068   Library Totals

    ----------------------------------------------------------------------

==============================================================================


      Code (inc. data)   RO Data    RW Data    ZI Data      Debug   

     13384       2122        560        476       2980     312668   Grand Totals
     13384       2122        560        148       2980     312668   ELF Image Totals (compressed)
     13384       2122        560        148          0          0   ROM Totals

==============================================================================

    Total RO  Size (Code + RO Data)                13944 (  13.62kB)
    Total RW  Size (RW Data + ZI Data)              3456 (   3.38kB)
    Total ROM Size (Code + RO Data + RW Data)      14092 (  13.76kB)

==============================================================================

